Archive member included to satisfy reference by file (symbol)

/usr/bin/gcc-arm-none-eabi-5_4-2016q2/bin/../lib/gcc/arm-none-eabi/5.4.1/../../../../arm-none-eabi/lib/armv7e-m/libg.a(lib_a-strtol.o)
                              build/obj/ihex.o (symbol from plugin) (strtol)
/usr/bin/gcc-arm-none-eabi-5_4-2016q2/bin/../lib/gcc/arm-none-eabi/5.4.1/../../../../arm-none-eabi/lib/armv7e-m/libg.a(lib_a-ctype_.o)
                              /usr/bin/gcc-arm-none-eabi-5_4-2016q2/bin/../lib/gcc/arm-none-eabi/5.4.1/../../../../arm-none-eabi/lib/armv7e-m/libg.a(lib_a-strtol.o) (__ctype_ptr__)
/usr/bin/gcc-arm-none-eabi-5_4-2016q2/bin/../lib/gcc/arm-none-eabi/5.4.1/../../../../arm-none-eabi/lib/armv7e-m/libg.a(lib_a-impure.o)
                              /usr/bin/gcc-arm-none-eabi-5_4-2016q2/bin/../lib/gcc/arm-none-eabi/5.4.1/../../../../arm-none-eabi/lib/armv7e-m/libg.a(lib_a-strtol.o) (_impure_ptr)
/usr/bin/gcc-arm-none-eabi-5_4-2016q2/bin/../lib/gcc/arm-none-eabi/5.4.1/../../../../arm-none-eabi/lib/armv7e-m/libm.a(lib_a-s_floor.o)
                              /tmp/cc6c6mI8.ltrans12.ltrans.o (floor)
/usr/bin/gcc-arm-none-eabi-5_4-2016q2/bin/../lib/gcc/arm-none-eabi/5.4.1/../../../../arm-none-eabi/lib/armv7e-m/libm.a(lib_a-w_fmod.o)
                              /tmp/cc6c6mI8.ltrans12.ltrans.o (fmod)
/usr/bin/gcc-arm-none-eabi-5_4-2016q2/bin/../lib/gcc/arm-none-eabi/5.4.1/../../../../arm-none-eabi/lib/armv7e-m/libm.a(lib_a-wf_log.o)
                              /tmp/cc6c6mI8.ltrans4.ltrans.o (logf)
/usr/bin/gcc-arm-none-eabi-5_4-2016q2/bin/../lib/gcc/arm-none-eabi/5.4.1/../../../../arm-none-eabi/lib/armv7e-m/libm.a(lib_a-e_fmod.o)
                              /usr/bin/gcc-arm-none-eabi-5_4-2016q2/bin/../lib/gcc/arm-none-eabi/5.4.1/../../../../arm-none-eabi/lib/armv7e-m/libm.a(lib_a-w_fmod.o) (__ieee754_fmod)
/usr/bin/gcc-arm-none-eabi-5_4-2016q2/bin/../lib/gcc/arm-none-eabi/5.4.1/../../../../arm-none-eabi/lib/armv7e-m/libm.a(lib_a-ef_log.o)
                              /usr/bin/gcc-arm-none-eabi-5_4-2016q2/bin/../lib/gcc/arm-none-eabi/5.4.1/../../../../arm-none-eabi/lib/armv7e-m/libm.a(lib_a-wf_log.o) (__ieee754_logf)
/usr/bin/gcc-arm-none-eabi-5_4-2016q2/bin/../lib/gcc/arm-none-eabi/5.4.1/../../../../arm-none-eabi/lib/armv7e-m/libm.a(lib_a-s_lib_ver.o)
                              /usr/bin/gcc-arm-none-eabi-5_4-2016q2/bin/../lib/gcc/arm-none-eabi/5.4.1/../../../../arm-none-eabi/lib/armv7e-m/libm.a(lib_a-w_fmod.o) (__fdlib_version)
/usr/bin/gcc-arm-none-eabi-5_4-2016q2/bin/../lib/gcc/arm-none-eabi/5.4.1/../../../../arm-none-eabi/lib/armv7e-m/libm.a(lib_a-s_matherr.o)
                              /usr/bin/gcc-arm-none-eabi-5_4-2016q2/bin/../lib/gcc/arm-none-eabi/5.4.1/../../../../arm-none-eabi/lib/armv7e-m/libm.a(lib_a-w_fmod.o) (matherr)
/usr/bin/gcc-arm-none-eabi-5_4-2016q2/bin/../lib/gcc/arm-none-eabi/5.4.1/../../../../arm-none-eabi/lib/armv7e-m/libm.a(lib_a-s_nan.o)
                              /usr/bin/gcc-arm-none-eabi-5_4-2016q2/bin/../lib/gcc/arm-none-eabi/5.4.1/../../../../arm-none-eabi/lib/armv7e-m/libm.a(lib_a-wf_log.o) (nan)
/usr/bin/gcc-arm-none-eabi-5_4-2016q2/bin/../lib/gcc/arm-none-eabi/5.4.1/armv7e-m/libgcc.a(_arm_addsubdf3.o)
                              /tmp/cc6c6mI8.ltrans4.ltrans.o (__aeabi_dsub)
/usr/bin/gcc-arm-none-eabi-5_4-2016q2/bin/../lib/gcc/arm-none-eabi/5.4.1/armv7e-m/libgcc.a(_arm_muldivdf3.o)
                              /tmp/cc6c6mI8.ltrans4.ltrans.o (__aeabi_dmul)
/usr/bin/gcc-arm-none-eabi-5_4-2016q2/bin/../lib/gcc/arm-none-eabi/5.4.1/armv7e-m/libgcc.a(_arm_cmpdf2.o)
                              /usr/bin/gcc-arm-none-eabi-5_4-2016q2/bin/../lib/gcc/arm-none-eabi/5.4.1/../../../../arm-none-eabi/lib/armv7e-m/libm.a(lib_a-w_fmod.o) (__aeabi_dcmpeq)
/usr/bin/gcc-arm-none-eabi-5_4-2016q2/bin/../lib/gcc/arm-none-eabi/5.4.1/armv7e-m/libgcc.a(_arm_unorddf2.o)
                              /usr/bin/gcc-arm-none-eabi-5_4-2016q2/bin/../lib/gcc/arm-none-eabi/5.4.1/../../../../arm-none-eabi/lib/armv7e-m/libm.a(lib_a-w_fmod.o) (__aeabi_dcmpun)
/usr/bin/gcc-arm-none-eabi-5_4-2016q2/bin/../lib/gcc/arm-none-eabi/5.4.1/armv7e-m/libgcc.a(_arm_fixunsdfsi.o)
                              /tmp/cc6c6mI8.ltrans4.ltrans.o (__aeabi_d2uiz)
/usr/bin/gcc-arm-none-eabi-5_4-2016q2/bin/../lib/gcc/arm-none-eabi/5.4.1/armv7e-m/libgcc.a(_arm_truncdfsf2.o)
                              /usr/bin/gcc-arm-none-eabi-5_4-2016q2/bin/../lib/gcc/arm-none-eabi/5.4.1/../../../../arm-none-eabi/lib/armv7e-m/libm.a(lib_a-wf_log.o) (__aeabi_d2f)
/usr/bin/gcc-arm-none-eabi-5_4-2016q2/bin/../lib/gcc/arm-none-eabi/5.4.1/armv7e-m/libgcc.a(_arm_addsubsf3.o)
                              /tmp/cc6c6mI8.ltrans9.ltrans.o (__aeabi_fsub)
/usr/bin/gcc-arm-none-eabi-5_4-2016q2/bin/../lib/gcc/arm-none-eabi/5.4.1/armv7e-m/libgcc.a(_arm_muldivsf3.o)
                              /tmp/cc6c6mI8.ltrans9.ltrans.o (__aeabi_fmul)
/usr/bin/gcc-arm-none-eabi-5_4-2016q2/bin/../lib/gcc/arm-none-eabi/5.4.1/armv7e-m/libgcc.a(_arm_cmpsf2.o)
[...]
Memory Configuration

Name             Origin             Length             Attributes
flash0           0x08000000         0x000c0000
flash1           0x080c0000         0x00040000
flash2           0x00000000         0x00000000
flash3           0x00000000         0x00000000
flash4           0x00000000         0x00000000
flash5           0x00000000         0x00000000
flash6           0x00000000         0x00000000
flash7           0x00000000         0x00000000
ram0             0x20000000         0x00030000
ram1             0x20000000         0x0001c000
ram2             0x2001c000         0x00004000
ram3             0x20020000         0x00010000
ram4             0x10000000         0x00010000
ram5             0x40024000         0x00001000
ram6             0x00000000         0x00000000
ram7             0x00000000         0x00000000
*default*        0x00000000         0xffffffff

Linker script and memory map

LOAD build/obj/crt0_v7m.o
LOAD build/obj/chcoreasm_v7m.o
LOAD build/obj/crt1.o
LOAD /tmp/cc6c6mI8.ltrans0.ltrans.o
LOAD /tmp/cc6c6mI8.ltrans1.ltrans.o
LOAD /tmp/cc6c6mI8.ltrans2.ltrans.o
LOAD /tmp/cc6c6mI8.ltrans3.ltrans.o
LOAD /tmp/cc6c6mI8.ltrans4.ltrans.o
LOAD /tmp/cc6c6mI8.ltrans5.ltrans.o
LOAD /tmp/cc6c6mI8.ltrans6.ltrans.o
LOAD /tmp/cc6c6mI8.ltrans7.ltrans.o
LOAD /tmp/cc6c6mI8.ltrans8.ltrans.o
LOAD /tmp/cc6c6mI8.ltrans9.ltrans.o
LOAD /tmp/cc6c6mI8.ltrans10.ltrans.o
LOAD /tmp/cc6c6mI8.ltrans11.ltrans.o
LOAD /tmp/cc6c6mI8.ltrans12.ltrans.o
LOAD /tmp/cc6c6mI8.ltrans13.ltrans.o
LOAD /tmp/cc6c6mI8.ltrans14.ltrans.o
LOAD /tmp/cc6c6mI8.ltrans15.ltrans.o
LOAD /tmp/cc6c6mI8.ltrans16.ltrans.o
LOAD build/obj/vectors.o
LOAD build/obj/chsys.o
LOAD build/obj/chdebug.o
LOAD build/obj/chtrace.o
LOAD build/obj/chvt.o
LOAD build/obj/chschd.o
LOAD build/obj/chthreads.o
LOAD build/obj/chtm.o
LOAD build/obj/chregistry.o
LOAD build/obj/chsem.o
LOAD build/obj/chmtx.o
LOAD build/obj/chcond.o
LOAD build/obj/chevents.o
LOAD build/obj/chmsg.o
LOAD build/obj/chdynamic.o
LOAD build/obj/chmboxes.o
LOAD build/obj/chmemcore.o
LOAD build/obj/chheap.o
LOAD build/obj/chmempools.o
LOAD build/obj/chcore.o
LOAD build/obj/chcore_v7m.o
LOAD build/obj/osal.o
LOAD build/obj/hal.o
LOAD build/obj/hal_st.o
LOAD build/obj/hal_buffers.o
LOAD build/obj/hal_queues.o
LOAD build/obj/hal_mmcsd.o
LOAD build/obj/hal_adc.o
LOAD build/obj/hal_i2c.o
LOAD build/obj/hal_mmc_spi.o
LOAD build/obj/hal_pal.o
LOAD build/obj/hal_rtc.o
LOAD build/obj/hal_serial.o
LOAD build/obj/hal_spi.o
LOAD build/obj/hal_wdg.o
LOAD build/obj/nvic.o
LOAD build/obj/hal_lld.o
LOAD build/obj/stm32_dma.o
LOAD build/obj/hal_st_lld.o
LOAD build/obj/hal_adc_lld.o
LOAD build/obj/hal_pal_lld.o
LOAD build/obj/hal_i2c_lld.o
LOAD build/obj/hal_rtc_lld.o
LOAD build/obj/hal_spi_lld.o
LOAD build/obj/hal_serial_lld.o
LOAD build/obj/hal_wdg_lld.o
LOAD build/obj/board.o
LOAD build/obj/evtimer.o
LOAD build/obj/syscalls.o
LOAD build/obj/memstreams.o
LOAD build/obj/chprintf.o
LOAD build/obj/fatfs_diskio.o
LOAD build/obj/tracking.o
LOAD build/obj/position.o
LOAD build/obj/image.o
LOAD build/obj/log.o
LOAD build/obj/error.o
LOAD build/obj/ssdv.o
LOAD build/obj/rs8.o
LOAD build/obj/aprs.o
LOAD build/obj/ax25.o
LOAD build/obj/morse.o
LOAD build/obj/pi2c.o
LOAD build/obj/padc.o
LOAD build/obj/ptime.o
LOAD build/obj/max.o
LOAD build/obj/si4464.o
LOAD build/obj/bme280.o
LOAD build/obj/pac1720.o
LOAD build/obj/ov2640.o
LOAD build/obj/sd.o
LOAD build/obj/flash.o
LOAD build/obj/helper.o
LOAD build/obj/ihex.o
LOAD build/obj/ihexhelper.o
LOAD build/obj/debug.o
LOAD build/obj/radio.o
LOAD build/obj/sleep.o
LOAD build/obj/modules.o
LOAD build/obj/base.o
LOAD build/obj/sgp4.o
LOAD build/obj/geofence.o
LOAD build/obj/config.o
LOAD build/obj/ff.o
LOAD build/obj/main.o

.mstack         0x20000000      0x400
                0x20000000                . = ALIGN (0x8)
                0x20000000                __main_stack_base__ = .
                0x20000400                . = (. + __main_stack_size__)
 *fill*         0x20000000      0x400 
                0x20000400                . = ALIGN (0x8)
                0x20000400                __main_stack_end__ = .

.pstack         0x20000400      0x400
                0x20000400                __process_stack_base__ = .
                0x20000400                __main_thread_stack_base__ = .
                0x20000800                . = (. + __process_stack_size__)
 *fill*         0x20000400      0x400 
                0x20000800                . = ALIGN (0x8)
                0x20000800                __process_stack_end__ = .
                0x20000800                __main_thread_stack_end__ = .

vectors         0x08000000      0x1c0
 *(.vectors)
 .vectors       0x08000000      0x1c0 /tmp/cc6c6mI8.ltrans13.ltrans.o
                0x08000000                _vectors

xtors           0x080001c0        0x0
                0x080001c0                __init_array_start = .
 *(SORT(.init_array.*))
 *(.init_array)
                0x080001c0                __init_array_end = .
                0x080001c0                __fini_array_start = .
 *(.fini_array)
 *(SORT(.fini_array.*))
                0x080001c0                __fini_array_end = .

.text           0x080001c0    0x1393c
 *(.text)
 .text          0x080001c0       0xd4 build/obj/crt0_v7m.o
                0x080001c0                Reset_Handler
 *fill*         0x08000294        0xc 
 .text          0x080002a0       0x34 build/obj/chcoreasm_v7m.o
                0x080002a0                _port_switch
                0x080002b0                _port_thread_start
                0x080002c4                _port_switch_from_isr
                0x080002d0                _port_exit_from_isr
 *fill*         0x080002d4        0xc 
 .text          0x080002e0      0x370 /usr/bin/gcc-arm-none-eabi-5_4-2016q2/bin/../lib/gcc/arm-none-eabi/5.4.1/armv7e-m/libgcc.a(_arm_addsubdf3.o)
                0x080002e0                __aeabi_drsub
                0x080002e8                __aeabi_dsub
                0x080002e8                __subdf3
                0x080002ec                __adddf3
                0x080002ec                __aeabi_dadd
                0x08000564                __aeabi_ui2d
                0x08000564                __floatunsidf
                0x08000584                __floatsidf
                0x08000584                __aeabi_i2d
                0x080005a8                __extendsfdf2
                0x080005a8                __aeabi_f2d
                0x080005e4                __aeabi_ul2d
                0x080005e4                __floatundidf
                0x080005f4                __floatdidf
                0x080005f4                __aeabi_l2d
 .text          0x08000650      0x424 /usr/bin/gcc-arm-none-eabi-5_4-2016q2/bin/../lib/gcc/arm-none-eabi/5.4.1/armv7e-m/libgcc.a(_arm_muldivdf3.o)
                0x08000650                __aeabi_dmul
                0x08000650                __muldf3
                0x080008a4                __aeabi_ddiv
                0x080008a4                __divdf3
 *fill*         0x08000a74        0xc 
 .text          0x08000a80      0x110 /usr/bin/gcc-arm-none-eabi-5_4-2016q2/bin/../lib/gcc/arm-none-eabi/5.4.1/armv7e-m/libgcc.a(_arm_cmpdf2.o)
                0x08000a80                __gtdf2
                0x08000a80                __gedf2
                0x08000a88                __ltdf2
                0x08000a88                __ledf2
                0x08000a90                __cmpdf2
                0x08000a90                __eqdf2
                0x08000a90                __nedf2
                0x08000b0c                __aeabi_cdrcmple
                0x08000b1c                __aeabi_cdcmple
                0x08000b1c                __aeabi_cdcmpeq
                0x08000b2c                __aeabi_dcmpeq
                0x08000b40                __aeabi_dcmplt
                0x08000b54                __aeabi_dcmple
                0x08000b68                __aeabi_dcmpge
                0x08000b7c                __aeabi_dcmpgt
 .text          0x08000b90       0x2c /usr/bin/gcc-arm-none-eabi-5_4-2016q2/bin/../lib/gcc/arm-none-eabi/5.4.1/armv7e-m/libgcc.a(_arm_unorddf2.o)
                0x08000b90                __aeabi_dcmpun
                0x08000b90                __unorddf2
 *fill*         0x08000bbc        0x4 
 .text          0x08000bc0       0x40 /usr/bin/gcc-arm-none-eabi-5_4-2016q2/bin/../lib/gcc/arm-none-eabi/5.4.1/armv7e-m/libgcc.a(_arm_fixunsdfsi.o)
                0x08000bc0                __fixunsdfsi
                0x08000bc0                __aeabi_d2uiz
 .text          0x08000c00       0xa0 /usr/bin/gcc-arm-none-eabi-5_4-2016q2/bin/../lib/gcc/arm-none-eabi/5.4.1/armv7e-m/libgcc.a(_arm_truncdfsf2.o)
                0x08000c00                __aeabi_d2f
                0x08000c00                __truncdfsf2
 .text          0x08000ca0      0x21c /usr/bin/gcc-arm-none-eabi-5_4-2016q2/bin/../lib/gcc/arm-none-eabi/5.4.1/armv7e-m/libgcc.a(_arm_addsubsf3.o)
                0x08000ca0                __aeabi_frsub
                0x08000ca8                __subsf3
                0x08000ca8                __aeabi_fsub
                0x08000cac                __aeabi_fadd
                0x08000cac                __addsf3
                0x08000e0c                __aeabi_ui2f
                0x08000e0c                __floatunsisf
                0x08000e14                __aeabi_i2f
                0x08000e14                __floatsisf
                0x08000e30                __floatundisf
                0x08000e30                __aeabi_ul2f
                0x08000e40                __floatdisf
                0x08000e40                __aeabi_l2f
 *fill*         0x08000ebc        0x4 
 .text          0x08000ec0      0x2a0 /usr/bin/gcc-arm-none-eabi-5_4-2016q2/bin/../lib/gcc/arm-none-eabi/5.4.1/armv7e-m/libgcc.a(_arm_muldivsf3.o)
                0x08000ec0                __mulsf3
                0x08000ec0                __aeabi_fmul
                0x08001028                __divsf3
                0x08001028                __aeabi_fdiv
 .text          0x08001160       0xec /usr/bin/gcc-arm-none-eabi-5_4-2016q2/bin/../lib/gcc/arm-none-eabi/5.4.1/armv7e-m/libgcc.a(_arm_cmpsf2.o)
                0x08001160                __gtsf2
                0x08001160                __gesf2
                0x08001168                __lesf2
                0x08001168                __ltsf2
                0x08001170                __nesf2
                0x08001170                __eqsf2
                0x08001170                __cmpsf2
                0x080011d0                __aeabi_cfrcmple
                0x080011d8                __aeabi_cfcmple
                0x080011d8                __aeabi_cfcmpeq
                0x080011e8                __aeabi_fcmpeq
                0x080011fc                __aeabi_fcmplt
                0x08001210                __aeabi_fcmple
                0x08001224                __aeabi_fcmpge
                0x08001238                __aeabi_fcmpgt
 *fill*         0x0800124c        0x4 
 .text          0x08001250       0x2c /usr/bin/gcc-arm-none-eabi-5_4-2016q2/bin/../lib/gcc/arm-none-eabi/5.4.1/armv7e-m/libgcc.a(_arm_unordsf2.o)
                0x08001250                __aeabi_fcmpun
                0x08001250                __unordsf2
 *fill*         0x0800127c        0x4 
 .text          0x08001280       0x40 /usr/bin/gcc-arm-none-eabi-5_4-2016q2/bin/../lib/gcc/arm-none-eabi/5.4.1/armv7e-m/libgcc.a(_arm_fixunssfsi.o)
                0x08001280                __aeabi_f2uiz
                0x08001280                __fixunssfsi
 .text          0x080012c0       0xa0 /usr/bin/gcc-arm-none-eabi-5_4-2016q2/bin/../lib/gcc/arm-none-eabi/5.4.1/armv7e-m/libgcc.a(_aeabi_ldivmod.o)
                0x080012c0                __aeabi_ldivmod
 .text          0x08001360       0x30 /usr/bin/gcc-arm-none-eabi-5_4-2016q2/bin/../lib/gcc/arm-none-eabi/5.4.1/armv7e-m/libgcc.a(_aeabi_uldivmod.o)
                0x08001360                __aeabi_uldivmod
 .text          0x08001390      0x2e4 /usr/bin/gcc-arm-none-eabi-5_4-2016q2/bin/../lib/gcc/arm-none-eabi/5.4.1/armv7e-m/libgcc.a(_udivmoddi4.o)
                0x08001390                __udivmoddi4
 *fill*         0x08001674        0xc 
 .text          0x08001680        0x4 /usr/bin/gcc-arm-none-eabi-5_4-2016q2/bin/../lib/gcc/arm-none-eabi/5.4.1/armv7e-m/libgcc.a(_dvmd_tls.o)
                0x08001680                __aeabi_ldiv0
                0x08001680                __aeabi_idiv0
 *fill*         0x08001684        0xc 
 .text          0x08001690      0x134 /usr/bin/gcc-arm-none-eabi-5_4-2016q2/bin/../lib/gcc/arm-none-eabi/5.4.1/../../../../arm-none-eabi/lib/armv7e-m/libg.a(lib_a-memcpy.o)
                0x08001690                memcpy
 *fill*         0x080017c4        0xc 
 .text          0x080017d0      0x2dc /usr/bin/gcc-arm-none-eabi-5_4-2016q2/bin/../lib/gcc/arm-none-eabi/5.4.1/../../../../arm-none-eabi/lib/armv7e-m/libg.a(lib_a-strcmp.o)
                0x080017d8                strcmp
 *fill*         0x08001aac        0x4 
 .text          0x08001ab0       0xdc /usr/bin/gcc-arm-none-eabi-5_4-2016q2/bin/../lib/gcc/arm-none-eabi/5.4.1/../../../../arm-none-eabi/lib/armv7e-m/libg.a(lib_a-strlen.o)
                0x08001ab0                strlen
 *(.text.*)
 *fill*         0x08001b8c        0x4 
 .text.moduleTRACKING
                0x08001b90     0x20d0 /tmp/cc6c6mI8.ltrans0.ltrans.o
                0x08001b90                moduleTRACKING
 .text.moduleIMG
                0x08003c60     0x1a88 /tmp/cc6c6mI8.ltrans1.ltrans.o
                0x08003c60                moduleIMG
 *fill*         0x080056e8        0x8 
 .text.encode_ssdv
                0x080056f0     0x1be4 /tmp/cc6c6mI8.ltrans2.ltrans.o
                0x080056f0                encode_ssdv
 *fill*         0x080072d4        0xc 
 .text.startup.main
                0x080072e0     0x176c /tmp/cc6c6mI8.ltrans3.ltrans.o
                0x080072e0                main
 *fill*         0x08008a4c        0x4 
 .text.modulePOS
                0x08008a50     0x11b0 /tmp/cc6c6mI8.ltrans4.ltrans.o
                0x08008a50                modulePOS
 .text.adccb    0x08009c00        0x4 /tmp/cc6c6mI8.ltrans5.ltrans.o
 *fill*         0x08009c04        0xc 
 .text.Si4464_Init
                0x08009c10      0x56c /tmp/cc6c6mI8.ltrans5.ltrans.o
                0x08009c10                Si4464_Init
 *fill*         0x0800a17c        0x4 
 .text.GPS_Deinit
                0x0800a180       0xb0 /tmp/cc6c6mI8.ltrans5.ltrans.o
                0x0800a180                GPS_Deinit
 .text.getTime  0x0800a230       0x90 /tmp/cc6c6mI8.ltrans5.ltrans.o
                0x0800a230                getTime
 .text.I2C_read8
                0x0800a2c0       0x3c /tmp/cc6c6mI8.ltrans5.ltrans.o
                0x0800a2c0                I2C_read8
 *fill*         0x0800a2fc        0x4 
 .text.I2C_write8
                0x0800a300       0x3c /tmp/cc6c6mI8.ltrans5.ltrans.o
                0x0800a300                I2C_write8
 *fill*         0x0800a33c        0x4 
 .text.I2C_read16_locked
                0x0800a340       0x2c /tmp/cc6c6mI8.ltrans5.ltrans.o
                0x0800a340                I2C_read16_locked
 *fill*         0x0800a36c        0x4 
 .text.I2C_read16_LE
                0x0800a370       0x14 /tmp/cc6c6mI8.ltrans5.ltrans.o
                0x0800a370                I2C_readS16_LE
                0x0800a370                I2C_read16_LE
 *fill*         0x0800a384        0xc 
 .text.I2C_read16
                0x0800a390       0x2c /tmp/cc6c6mI8.ltrans5.ltrans.o
                0x0800a390                I2C_read16
 *fill*         0x0800a3bc        0x4 
 .text.dah      0x0800a3c0       0x54 /tmp/cc6c6mI8.ltrans5.ltrans.o
                0x0800a3c0                dah
 *fill*         0x0800a414        0xc 
 .text.nrzi_encode
                0x0800a420       0x54 /tmp/cc6c6mI8.ltrans5.ltrans.o
                0x0800a420                nrzi_encode
 *fill*         0x0800a474        0xc 
 .text.scramble
                0x0800a480       0x7c /tmp/cc6c6mI8.ltrans5.ltrans.o
                0x0800a480                scramble
 *fill*         0x0800a4fc        0x4 
 .text.ax25_send_flag
                0x0800a500       0x60 /tmp/cc6c6mI8.ltrans5.ltrans.o
                0x0800a500                ax25_send_flag
 .text.send_byte.lto_priv.112
                0x0800a560       0xa0 /tmp/cc6c6mI8.ltrans5.ltrans.o
                0x0800a560                send_byte.lto_priv.112
 .text.ax25_send_footer
                0x0800a600       0x20 /tmp/cc6c6mI8.ltrans5.ltrans.o
                0x0800a600                ax25_send_footer
 .text.ax25_send_path
                0x0800a620       0x58 /tmp/cc6c6mI8.ltrans5.ltrans.o
                0x0800a620                ax25_send_path
 *fill*         0x0800a678        0x8 
 .text.ax25_send_string
                0x0800a680       0x1c /tmp/cc6c6mI8.ltrans5.ltrans.o
                0x0800a680                ax25_send_string
 *fill*         0x0800a69c        0x4 
 .text.aprs_encode_experimental
                0x0800a6a0       0x74 /tmp/cc6c6mI8.ltrans5.ltrans.o
                0x0800a6a0                aprs_encode_experimental
 *fill*         0x0800a714        0xc 
 .text.ssdv_have_marker.lto_priv.157
                0x0800a720      0x14c /tmp/cc6c6mI8.ltrans5.ltrans.o
                0x0800a720                ssdv_have_marker.lto_priv.157
 *fill*         0x0800a86c        0x4 
 .text.doConversion
                0x0800a870      0x1d8 /tmp/cc6c6mI8.ltrans5.ltrans.o
 *fill*         0x0800aa48        0x8 
 .text.getSolarVoltageMV
                0x0800aa50       0x1c /tmp/cc6c6mI8.ltrans5.ltrans.o
                0x0800aa50                getSolarVoltageMV
 *fill*         0x0800aa6c        0x4 
 .text.getBatteryVoltageMV
                0x0800aa70       0x58 /tmp/cc6c6mI8.ltrans5.ltrans.o
                0x0800aa70                getBatteryVoltageMV
 *fill*         0x0800aac8        0x8 
 .text.recvr1.isra.0
                0x0800aad0       0x24 /tmp/cc6c6mI8.ltrans6.ltrans.o
 *fill*         0x0800aaf4        0xc 
 .text.wait.isra.1
                0x0800ab00       0x44 /tmp/cc6c6mI8.ltrans6.ltrans.o
 *fill*         0x0800ab44        0xc 
 .text.send_hdr
                0x0800ab50       0x6c /tmp/cc6c6mI8.ltrans6.ltrans.o
 *fill*         0x0800abbc        0x4 
 .text.sync.isra.2
                0x0800abc0       0x38 /tmp/cc6c6mI8.ltrans6.ltrans.o
 *fill*         0x0800abf8        0x8 
 .text.read_CxD
                0x0800ac00       0x94 /tmp/cc6c6mI8.ltrans6.ltrans.o
 *fill*         0x0800ac94        0xc 
 .text.send_command_R3
                0x0800aca0       0x40 /tmp/cc6c6mI8.ltrans6.ltrans.o
 .text.send_command_R1
                0x0800ace0       0x30 /tmp/cc6c6mI8.ltrans6.ltrans.o
 .text.mmcGetInfo
                0x0800ad10       0x28 /tmp/cc6c6mI8.ltrans6.ltrans.o
                0x0800ad10                mmcGetInfo
 *fill*         0x0800ad38        0x8 
 .text._mmcsd_get_slice
                0x0800ad40       0x58 /tmp/cc6c6mI8.ltrans6.ltrans.o
 *fill*         0x0800ad98        0x8 
 .text.mmcSync  0x0800ada0       0x38 /tmp/cc6c6mI8.ltrans6.ltrans.o
                0x0800ada0                mmcSync
 *fill*         0x0800add8        0x8 
 .text.mmcConnect
                0x0800ade0      0x180 /tmp/cc6c6mI8.ltrans6.ltrans.o
                0x0800ade0                mmcConnect
 .text.mmcSequentialWrite.part.7.lto_priv.170
                0x0800af60       0x70 /tmp/cc6c6mI8.ltrans6.ltrans.o
                0x0800af60                mmcSequentialWrite.part.7.lto_priv.170
 .text.mmcStopSequentialRead.part.5.lto_priv.111
                0x0800afd0       0x30 /tmp/cc6c6mI8.ltrans6.ltrans.o
                0x0800afd0                mmcStopSequentialRead.part.5.lto_priv.111
 .text.mmcStartSequentialWrite
                0x0800b000       0x64 /tmp/cc6c6mI8.ltrans6.ltrans.o
                0x0800b000                mmcStartSequentialWrite
 *fill*         0x0800b064        0xc 
 .text.mmc_write.lto_priv.128
                0x0800b070       0x74 /tmp/cc6c6mI8.ltrans6.ltrans.o
                0x0800b070                mmc_write.lto_priv.128
 *fill*         0x0800b0e4        0xc 
 .text.mmcSequentialRead
                0x0800b0f0       0x70 /tmp/cc6c6mI8.ltrans6.ltrans.o
                0x0800b0f0                mmcSequentialRead
 .text.mmcStartSequentialRead
                0x0800b160       0x64 /tmp/cc6c6mI8.ltrans6.ltrans.o
                0x0800b160                mmcStartSequentialRead
 *fill*         0x0800b1c4        0xc 
 .text.mmc_read.lto_priv.127
                0x0800b1d0       0x48 /tmp/cc6c6mI8.ltrans6.ltrans.o
                0x0800b1d0                mmc_read.lto_priv.127
 *fill*         0x0800b218        0x8 
 .text.stSetAlarm
                0x0800b220       0x1c /tmp/cc6c6mI8.ltrans6.ltrans.o
                0x0800b220                stSetAlarm
 *fill*         0x0800b23c        0x4 
 .text._port_irq_epilogue
                0x0800b240       0x54 /tmp/cc6c6mI8.ltrans6.ltrans.o
                0x0800b240                _port_irq_epilogue
 *fill*         0x0800b294        0xc 
 .text.mmcDisconnect
                0x0800b2a0       0x94 /tmp/cc6c6mI8.ltrans6.ltrans.o
                0x0800b2a0                mmcDisconnect
 *fill*         0x0800b334        0xc 
 .text.oqWriteTimeout
                0x0800b340      0x108 /tmp/cc6c6mI8.ltrans6.ltrans.o
                0x0800b340                oqWriteTimeout
 *fill*         0x0800b448        0x8 
 .text.oqPutTimeout
                0x0800b450       0x98 /tmp/cc6c6mI8.ltrans6.ltrans.o
                0x0800b450                oqPutTimeout
 *fill*         0x0800b4e8        0x8 
 .text.iqReadTimeout
                0x0800b4f0      0x108 /tmp/cc6c6mI8.ltrans6.ltrans.o
                0x0800b4f0                iqReadTimeout
 *fill*         0x0800b5f8        0x8 
 .text.iqGetTimeout
                0x0800b600       0x74 /tmp/cc6c6mI8.ltrans6.ltrans.o
                0x0800b600                iqGetTimeout
 *fill*         0x0800b674        0xc 
 .text.mmc_lld_is_write_protected
                0x0800b680        0x4 /tmp/cc6c6mI8.ltrans7.ltrans.o
                0x0800b680                mmc_lld_is_write_protected
 *fill*         0x0800b684        0xc 
 .text.ch_ltoa  0x0800b690       0x44 /tmp/cc6c6mI8.ltrans7.ltrans.o
 *fill*         0x0800b6d4        0xc 
 .text.get      0x0800b6e0       0x1c /tmp/cc6c6mI8.ltrans7.ltrans.o
 *fill*         0x0800b6fc        0x4 
 .text.put      0x0800b700       0x1c /tmp/cc6c6mI8.ltrans7.ltrans.o
 *fill*         0x0800b71c        0x4 
 .text.mmc_lld_is_card_inserted
                0x0800b720        0x4 /tmp/cc6c6mI8.ltrans7.ltrans.o
                0x0800b720                mmc_lld_is_card_inserted
 *fill*         0x0800b724        0xc 
 .text.notify4.lto_priv.126
                0x0800b730       0x10 /tmp/cc6c6mI8.ltrans7.ltrans.o
                0x0800b730                notify4.lto_priv.126
 .text.spi_lld_serve_tx_interrupt.lto_priv.176
                0x0800b740       0x14 /tmp/cc6c6mI8.ltrans7.ltrans.o
                0x0800b740                spi_lld_serve_tx_interrupt.lto_priv.176
 *fill*         0x0800b754        0xc 
 .text.i2c_lld_serve_tx_end_irq.lto_priv.107
                0x0800b760       0x3c /tmp/cc6c6mI8.ltrans7.ltrans.o
                0x0800b760                i2c_lld_serve_tx_end_irq.lto_priv.107
 *fill*         0x0800b79c        0x4 
 .text.reads    0x0800b7a0       0x28 /tmp/cc6c6mI8.ltrans7.ltrans.o
 *fill*         0x0800b7c8        0x8 
 .text.writes   0x0800b7d0       0x24 /tmp/cc6c6mI8.ltrans7.ltrans.o
 *fill*         0x0800b7f4        0xc 
 .text.Vector110
                0x0800b800      0x1dc /tmp/cc6c6mI8.ltrans7.ltrans.o
                0x0800b800                Vector110
 *fill*         0x0800b9dc        0x4 
 .text.spi_lld_serve_rx_interrupt.lto_priv.175
                0x0800b9e0       0x88 /tmp/cc6c6mI8.ltrans7.ltrans.o
                0x0800b9e0                spi_lld_serve_rx_interrupt.lto_priv.175
 *fill*         0x0800ba68        0x8 
 .text.VectorC8
                0x0800ba70       0xf4 /tmp/cc6c6mI8.ltrans7.ltrans.o
                0x0800ba70                VectorC8
 *fill*         0x0800bb64        0xc 
 .text.VectorC4
                0x0800bb70      0x114 /tmp/cc6c6mI8.ltrans7.ltrans.o
                0x0800bb70                VectorC4
 *fill*         0x0800bc84        0xc 
 .text.i2c_lld_serve_rx_end_irq.lto_priv.106
                0x0800bc90       0x6c /tmp/cc6c6mI8.ltrans7.ltrans.o
                0x0800bc90                i2c_lld_serve_rx_end_irq.lto_priv.106
 *fill*         0x0800bcfc        0x4 
 .text.Vector88
                0x0800bd00       0xb4 /tmp/cc6c6mI8.ltrans7.ltrans.o
                0x0800bd00                Vector88
 *fill*         0x0800bdb4        0xc 
 .text.get_fattime
                0x0800bdc0       0x9c /tmp/cc6c6mI8.ltrans7.ltrans.o
                0x0800bdc0                get_fattime
 *fill*         0x0800be5c        0x4 
 .text.disk_write
                0x0800be60       0x94 /tmp/cc6c6mI8.ltrans7.ltrans.o
                0x0800be60                disk_write
 *fill*         0x0800bef4        0xc 
 .text.disk_initialize
                0x0800bf00       0x18 /tmp/cc6c6mI8.ltrans7.ltrans.o
                0x0800bf00                disk_initialize
                0x0800bf00                disk_status
 *fill*         0x0800bf18        0x8 
 .text.chvprintf
                0x0800bf20      0x304 /tmp/cc6c6mI8.ltrans7.ltrans.o
                0x0800bf20                chvprintf
 *fill*         0x0800c224        0xc 
 .text.chsnprintf
                0x0800c230       0x64 /tmp/cc6c6mI8.ltrans7.ltrans.o
                0x0800c230                chsnprintf
 *fill*         0x0800c294        0xc 
 .text.__early_init
                0x0800c2a0       0xd4 /tmp/cc6c6mI8.ltrans7.ltrans.o
                0x0800c2a0                __early_init
 *fill*         0x0800c374        0xc 
 .text._pal_lld_setgroupmode
                0x0800c380       0xd0 /tmp/cc6c6mI8.ltrans7.ltrans.o
                0x0800c380                _pal_lld_setgroupmode
 .text.adc_lld_serve_rx_interrupt.lto_priv.144
                0x0800c450      0x134 /tmp/cc6c6mI8.ltrans8.ltrans.o
                0x0800c450                adc_lld_serve_rx_interrupt.lto_priv.144
 *fill*         0x0800c584        0xc 
 .text.Vector158
                0x0800c590       0x44 /tmp/cc6c6mI8.ltrans8.ltrans.o
                0x0800c590                Vector158
 *fill*         0x0800c5d4        0xc 
 .text.Vector154
                0x0800c5e0       0x44 /tmp/cc6c6mI8.ltrans8.ltrans.o
                0x0800c5e0                Vector154
 *fill*         0x0800c624        0xc 
 .text.Vector150
                0x0800c630       0x44 /tmp/cc6c6mI8.ltrans8.ltrans.o
                0x0800c630                Vector150
 *fill*         0x0800c674        0xc 
 .text.Vector130
                0x0800c680       0x40 /tmp/cc6c6mI8.ltrans8.ltrans.o
                0x0800c680                Vector130
 .text.Vector12C
                0x0800c6c0       0x44 /tmp/cc6c6mI8.ltrans8.ltrans.o
                0x0800c6c0                Vector12C
 *fill*         0x0800c704        0xc 
 .text.Vector128
                0x0800c710       0x44 /tmp/cc6c6mI8.ltrans8.ltrans.o
                0x0800c710                Vector128
 *fill*         0x0800c754        0xc 
 .text.Vector124
                0x0800c760       0x44 /tmp/cc6c6mI8.ltrans8.ltrans.o
                0x0800c760                Vector124
 *fill*         0x0800c7a4        0xc 
 .text.Vector120
                0x0800c7b0       0x40 /tmp/cc6c6mI8.ltrans8.ltrans.o
                0x0800c7b0                Vector120
 .text.VectorFC
                0x0800c7f0       0x44 /tmp/cc6c6mI8.ltrans8.ltrans.o
                0x0800c7f0                VectorFC
 *fill*         0x0800c834        0xc 
 .text.Vector84
                0x0800c840       0x44 /tmp/cc6c6mI8.ltrans8.ltrans.o
                0x0800c840                Vector84
 *fill*         0x0800c884        0xc 
 .text.Vector80
                0x0800c890       0x44 /tmp/cc6c6mI8.ltrans8.ltrans.o
                0x0800c890                Vector80
 *fill*         0x0800c8d4        0xc 
 .text.Vector7C
                0x0800c8e0       0x40 /tmp/cc6c6mI8.ltrans8.ltrans.o
                0x0800c8e0                Vector7C
 .text.Vector78
                0x0800c920       0x44 /tmp/cc6c6mI8.ltrans8.ltrans.o
                0x0800c920                Vector78
 *fill*         0x0800c964        0xc 
 .text.Vector74
                0x0800c970       0x44 /tmp/cc6c6mI8.ltrans8.ltrans.o
                0x0800c970                Vector74
 *fill*         0x0800c9b4        0xc 
 .text.Vector70
                0x0800c9c0       0x44 /tmp/cc6c6mI8.ltrans8.ltrans.o
                0x0800c9c0                Vector70
 *fill*         0x0800ca04        0xc 
 .text.Vector6C
                0x0800ca10       0x40 /tmp/cc6c6mI8.ltrans8.ltrans.o
                0x0800ca10                Vector6C
 .text.VectorB0
                0x0800ca50       0xd4 /tmp/cc6c6mI8.ltrans8.ltrans.o
                0x0800ca50                VectorB0
 *fill*         0x0800cb24        0xc 
 .text.readt.lto_priv.137
                0x0800cb30        0x8 /tmp/cc6c6mI8.ltrans8.ltrans.o
                0x0800cb30                readt.lto_priv.137
 *fill*         0x0800cb38        0x8 
 .text.read.lto_priv.131
                0x0800cb40        0xc /tmp/cc6c6mI8.ltrans8.ltrans.o
                0x0800cb40                read.lto_priv.131
 *fill*         0x0800cb4c        0x4 
 .text.writet.lto_priv.136
                0x0800cb50        0x8 /tmp/cc6c6mI8.ltrans8.ltrans.o
                0x0800cb50                writet.lto_priv.136
 *fill*         0x0800cb58        0x8 
 .text.write.lto_priv.130
                0x0800cb60        0xc /tmp/cc6c6mI8.ltrans8.ltrans.o
                0x0800cb60                write.lto_priv.130
 *fill*         0x0800cb6c        0x4 
 .text.gett.lto_priv.135
                0x0800cb70        0x8 /tmp/cc6c6mI8.ltrans8.ltrans.o
                0x0800cb70                gett.lto_priv.135
 *fill*         0x0800cb78        0x8 
 .text.get.lto_priv.133
                0x0800cb80        0xc /tmp/cc6c6mI8.ltrans8.ltrans.o
                0x0800cb80                get.lto_priv.133
 *fill*         0x0800cb8c        0x4 
 .text.putt.lto_priv.134
                0x0800cb90        0x8 /tmp/cc6c6mI8.ltrans8.ltrans.o
                0x0800cb90                putt.lto_priv.134
 *fill*         0x0800cb98        0x8 
 .text.put.lto_priv.132
                0x0800cba0        0xc /tmp/cc6c6mI8.ltrans8.ltrans.o
                0x0800cba0                put.lto_priv.132
 *fill*         0x0800cbac        0x4 
 .text.dmaStreamRelease
                0x0800cbb0       0x7c /tmp/cc6c6mI8.ltrans8.ltrans.o
                0x0800cbb0                dmaStreamRelease
 *fill*         0x0800cc2c        0x4 
 .text.dmaStreamAllocate
                0x0800cc30       0xc0 /tmp/cc6c6mI8.ltrans8.ltrans.o
                0x0800cc30                dmaStreamAllocate
 .text.spiReceive
                0x0800ccf0       0xa0 /tmp/cc6c6mI8.ltrans8.ltrans.o
                0x0800ccf0                spiReceive
 .text.spiSend  0x0800cd90       0xa0 /tmp/cc6c6mI8.ltrans8.ltrans.o
                0x0800cd90                spiSend
 .text.spiIgnore
                0x0800ce30       0x9c /tmp/cc6c6mI8.ltrans8.ltrans.o
                0x0800ce30                spiIgnore
 *fill*         0x0800cecc        0x4 
 .text.spiUnselect
                0x0800ced0       0x5c /tmp/cc6c6mI8.ltrans8.ltrans.o
                0x0800ced0                spiUnselect
 *fill*         0x0800cf2c        0x4 
 .text.spiSelect
                0x0800cf30       0x5c /tmp/cc6c6mI8.ltrans8.ltrans.o
                0x0800cf30                spiSelect
 *fill*         0x0800cf8c        0x4 
 .text.spiStop  0x0800cf90       0x88 /tmp/cc6c6mI8.ltrans8.ltrans.o
                0x0800cf90                spiStop
 *fill*         0x0800d018        0x8 
 .text.spiStart
                0x0800d020       0xfc /tmp/cc6c6mI8.ltrans8.ltrans.o
                0x0800d020                spiStart
 *fill*         0x0800d11c        0x4 
 .text.BME280_getPressure.constprop.24
                0x0800d120      0x278 /tmp/cc6c6mI8.ltrans9.ltrans.o
                0x0800d120                BME280_getPressure.constprop.24
 *fill*         0x0800d398        0x8 
 .text.gps_receive_payload.constprop.23
                0x0800d3a0      0x530 /tmp/cc6c6mI8.ltrans9.ltrans.o
                0x0800d3a0                gps_receive_payload.constprop.23
 .text.gps_receive_ack.constprop.21
                0x0800d8d0       0xb8 /tmp/cc6c6mI8.ltrans9.ltrans.o
                0x0800d8d0                gps_receive_ack.constprop.21
 *fill*         0x0800d988        0x8 
 .text.radioTune.constprop.18
                0x0800d990      0x5b0 /tmp/cc6c6mI8.ltrans9.ltrans.o
                0x0800d990                radioTune.constprop.18
 .text.ax25_send_header.constprop.16
                0x0800df40      0x1a4 /tmp/cc6c6mI8.ltrans9.ltrans.o
                0x0800df40                ax25_send_header.constprop.16
 *fill*         0x0800e0e4        0xc 
 .text.f_mount.constprop.12
                0x0800e0f0       0x3c /tmp/cc6c6mI8.ltrans9.ltrans.o
                0x0800e0f0                f_mount.constprop.12
 *fill*         0x0800e12c        0x4 
 .text.dir_sdi.constprop.11
                0x0800e130       0x84 /tmp/cc6c6mI8.ltrans9.ltrans.o
                0x0800e130                dir_sdi.constprop.11
 *fill*         0x0800e1b4        0xc 
 .text.i2cSendDriver.constprop.25
                0x0800e1c0      0x3a8 /tmp/cc6c6mI8.ltrans9.ltrans.o
                0x0800e1c0                i2cSendDriver.constprop.25
 *fill*         0x0800e568        0x8 
 .text.I2C_writeN.constprop.22
                0x0800e570       0x30 /tmp/cc6c6mI8.ltrans9.ltrans.o
                0x0800e570                I2C_writeN.constprop.22
 .text.I2C_write8_locked.constprop.1
                0x0800e5a0       0x20 /tmp/cc6c6mI8.ltrans9.ltrans.o
                0x0800e5a0                I2C_write8_locked.constprop.1
 .text.validate.constprop.7
                0x0800e5c0       0x30 /tmp/cc6c6mI8.ltrans9.ltrans.o
                0x0800e5c0                validate.constprop.7
 .text.SVC_Handler
                0x0800e5f0       0x14 /tmp/cc6c6mI8.ltrans10.ltrans.o
                0x0800e5f0                SVC_Handler
 *fill*         0x0800e604        0xc 
 .text.trace_next
                0x0800e610       0x38 /tmp/cc6c6mI8.ltrans10.ltrans.o
 *fill*         0x0800e648        0x8 
 .text._idle_thread.lto_priv.129
                0x0800e650        0x4 /tmp/cc6c6mI8.ltrans10.ltrans.o
                0x0800e650                _idle_thread.lto_priv.129
 *fill*         0x0800e654        0xc 
 .text.chTMStopMeasurementX
                0x0800e660       0x48 /tmp/cc6c6mI8.ltrans10.ltrans.o
                0x0800e660                chTMStopMeasurementX
 *fill*         0x0800e6a8        0x8 
 .text._trace_switch.part.0.lto_priv.108
                0x0800e6b0       0x2c /tmp/cc6c6mI8.ltrans10.ltrans.o
                0x0800e6b0                _trace_switch.part.0.lto_priv.108
 *fill*         0x0800e6dc        0x4 
 .text._trace_isr_leave
                0x0800e6e0       0x34 /tmp/cc6c6mI8.ltrans10.ltrans.o
                0x0800e6e0                _trace_isr_leave
 *fill*         0x0800e714        0xc 
 .text._trace_isr_enter
                0x0800e720       0x34 /tmp/cc6c6mI8.ltrans10.ltrans.o
                0x0800e720                _trace_isr_enter
 *fill*         0x0800e754        0xc 
 .text.chSysHalt
                0x0800e760       0x34 /tmp/cc6c6mI8.ltrans10.ltrans.o
                0x0800e760                chSysHalt
 *fill*         0x0800e794        0xc 
 .text.chDbgCheckClassS
                0x0800e7a0       0x20 /tmp/cc6c6mI8.ltrans10.ltrans.o
                0x0800e7a0                chDbgCheckClassS
 .text.chSchGoSleepS
                0x0800e7c0       0x54 /tmp/cc6c6mI8.ltrans10.ltrans.o
 *fill*         0x0800e814        0xc 
 .text.chThdSuspendS
                0x0800e820       0x2c /tmp/cc6c6mI8.ltrans10.ltrans.o
                0x0800e820                chThdSuspendS
 *fill*         0x0800e84c        0x4 
 .text.chDbgCheckClassI
                0x0800e850       0x20 /tmp/cc6c6mI8.ltrans10.ltrans.o
                0x0800e850                chDbgCheckClassI
 .text.chThdCreateSuspendedI
                0x0800e870       0xb4 /tmp/cc6c6mI8.ltrans10.ltrans.o
                0x0800e870                chThdCreateSuspendedI
 *fill*         0x0800e924        0xc 
 .text.chSchDoRescheduleAhead
                0x0800e930       0x80 /tmp/cc6c6mI8.ltrans10.ltrans.o
                0x0800e930                chSchDoReschedule
 .text.chSchRescheduleS
                0x0800e9b0       0x28 /tmp/cc6c6mI8.ltrans10.ltrans.o
 *fill*         0x0800e9d8        0x8 
 .text.chSchReadyI
                0x0800e9e0       0x44 /tmp/cc6c6mI8.ltrans10.ltrans.o
                0x0800e9e0                chSchReadyI
 *fill*         0x0800ea24        0xc 
 .text.chThdResumeI
                0x0800ea30       0x2c /tmp/cc6c6mI8.ltrans10.ltrans.o
                0x0800ea30                chThdResumeI
 *fill*         0x0800ea5c        0x4 
 .text.chVTDoResetI
                0x0800ea60       0x8c /tmp/cc6c6mI8.ltrans10.ltrans.o
                0x0800ea60                chVTDoResetI
 *fill*         0x0800eaec        0x4 
 .text.chVTDoSetI
                0x0800eaf0       0xb0 /tmp/cc6c6mI8.ltrans10.ltrans.o
                0x0800eaf0                chVTDoSetI
 .text.chSchGoSleepTimeoutS
                0x0800eba0       0x54 /tmp/cc6c6mI8.ltrans10.ltrans.o
                0x0800eba0                chSchGoSleepTimeoutS
 *fill*         0x0800ebf4        0xc 
 .text.chThdEnqueueTimeoutS
                0x0800ec00       0x28 /tmp/cc6c6mI8.ltrans10.ltrans.o
                0x0800ec00                chThdEnqueueTimeoutS
 *fill*         0x0800ec28        0x8 
 .text._dbg_check_leave_isr
                0x0800ec30       0x2c /tmp/cc6c6mI8.ltrans10.ltrans.o
                0x0800ec30                _dbg_check_leave_isr
 *fill*         0x0800ec5c        0x4 
 .text._dbg_check_enter_isr
                0x0800ec60       0x2c /tmp/cc6c6mI8.ltrans10.ltrans.o
                0x0800ec60                _dbg_check_enter_isr
 *fill*         0x0800ec8c        0x4 
 .text._dbg_check_unlock_from_isr
                0x0800ec90       0x24 /tmp/cc6c6mI8.ltrans10.ltrans.o
                0x0800ec90                _dbg_check_unlock_from_isr
 *fill*         0x0800ecb4        0xc 
 .text._dbg_check_lock_from_isr
                0x0800ecc0       0x24 /tmp/cc6c6mI8.ltrans10.ltrans.o
                0x0800ecc0                _dbg_check_lock_from_isr
 *fill*         0x0800ece4        0xc 
 .text.wakeup   0x0800ecf0       0x64 /tmp/cc6c6mI8.ltrans10.ltrans.o
 *fill*         0x0800ed54        0xc 
 .text._dbg_check_unlock
                0x0800ed60       0x20 /tmp/cc6c6mI8.ltrans10.ltrans.o
                0x0800ed60                _dbg_check_unlock
 .text._dbg_check_lock
                0x0800ed80       0x20 /tmp/cc6c6mI8.ltrans10.ltrans.o
                0x0800ed80                _dbg_check_lock
 .text.chCoreAllocAligned
                0x0800eda0       0x84 /tmp/cc6c6mI8.ltrans10.ltrans.o
                0x0800eda0                chCoreAllocAligned
 *fill*         0x0800ee24        0xc 
 .text.chMtxUnlock
                0x0800ee30       0xb4 /tmp/cc6c6mI8.ltrans10.ltrans.o
                0x0800ee30                chMtxUnlock
 *fill*         0x0800eee4        0xc 
 .text.chMtxLock
                0x0800eef0      0x124 /tmp/cc6c6mI8.ltrans10.ltrans.o
                0x0800eef0                chMtxLock
 *fill*         0x0800f014        0xc 
 .text.chThdSleepUntilWindowed
                0x0800f020       0x64 /tmp/cc6c6mI8.ltrans10.ltrans.o
                0x0800f020                chThdSleepUntilWindowed
 *fill*         0x0800f084        0xc 
 .text.chThdSleep
                0x0800f090       0x50 /tmp/cc6c6mI8.ltrans10.ltrans.o
                0x0800f090                chThdSleep
 .text.chThdExit
                0x0800f0e0       0x58 /tmp/cc6c6mI8.ltrans10.ltrans.o
                0x0800f0e0                chThdExit
 *fill*         0x0800f138        0x8 
 .text.chSysGetStatusAndLockX.part.1.lto_priv.109
                0x0800f140       0x24 /tmp/cc6c6mI8.ltrans10.ltrans.o
                0x0800f140                chSysGetStatusAndLockX.part.1.lto_priv.109
 *fill*         0x0800f164        0xc 
 .text.chSysRestoreStatusX.part.2.lto_priv.110
                0x0800f170       0x48 /tmp/cc6c6mI8.ltrans10.ltrans.o
                0x0800f170                chSysRestoreStatusX.part.2.lto_priv.110
 *fill*         0x0800f1b8        0x8 
 .text._unhandled_exception
                0x0800f1c0        0x4 /tmp/cc6c6mI8.ltrans10.ltrans.o
                0x0800f1c0                Vector58
                0x0800f1c0                VectorE8
                0x0800f1c0                Vector9C
                0x0800f1c0                VectorAC
                0x0800f1c0                DebugMon_Handler
                0x0800f1c0                Vector1A0
                0x0800f1c0                Vector5C
                0x0800f1c0                HardFault_Handler
                0x0800f1c0                Vector1B8
                0x0800f1c0                Vector19C
                0x0800f1c0                Vector8C
                0x0800f1c0                SysTick_Handler
                0x0800f1c0                VectorDC
                0x0800f1c0                PendSV_Handler
                0x0800f1c0                Vector168
                0x0800f1c0                NMI_Handler
                0x0800f1c0                Vector94
                0x0800f1c0                VectorA8
                0x0800f1c0                VectorB4
                0x0800f1c0                Vector160
                0x0800f1c0                Vector1B0
                0x0800f1c0                UsageFault_Handler
                0x0800f1c0                VectorEC
                0x0800f1c0                Vector40
                0x0800f1c0                VectorF8
                0x0800f1c0                Vector108
                0x0800f1c0                VectorBC
                0x0800f1c0                Vector190
                0x0800f1c0                Vector148
                0x0800f1c0                Vector188
                0x0800f1c0                Vector198
                0x0800f1c0                Vector118
                0x0800f1c0                Vector64
                0x0800f1c0                VectorCC
                0x0800f1c0                Vector54
                0x0800f1c0                Vector98
                0x0800f1c0                VectorD8
                0x0800f1c0                Vector138
                0x0800f1c0                Vector24
                0x0800f1c0                Vector1AC
                0x0800f1c0                Vector178
                0x0800f1c0                Vector1A4
                0x0800f1c0                VectorD0
                0x0800f1c0                Vector1B4
                0x0800f1c0                Vector140
                0x0800f1c0                VectorE4
                0x0800f1c0                VectorC0
                0x0800f1c0                Vector134
                0x0800f1c0                VectorF0
                0x0800f1c0                Vector13C
                0x0800f1c0                Vector100
                0x0800f1c0                VectorE0
                0x0800f1c0                VectorF4
                0x0800f1c0                MemManage_Handler
                0x0800f1c0                VectorA0
                0x0800f1c0                Vector180
                0x0800f1c0                Vector90
                0x0800f1c0                Vector114
                0x0800f1c0                Vector164
                0x0800f1c0                Vector60
                0x0800f1c0                Vector1C
                0x0800f1c0                Vector1BC
                0x0800f1c0                Vector17C
                0x0800f1c0                Vector48
                0x0800f1c0                Vector1A8
                0x0800f1c0                Vector16C
                0x0800f1c0                VectorD4
                0x0800f1c0                Vector4C
                0x0800f1c0                Vector144
                0x0800f1c0                Vector15C
                0x0800f1c0                Vector68
                0x0800f1c0                _unhandled_exception
                0x0800f1c0                Vector170
                0x0800f1c0                Vector104
                0x0800f1c0                Vector184
                0x0800f1c0                Vector10C
                0x0800f1c0                Vector14C
                0x0800f1c0                BusFault_Handler
                0x0800f1c0                Vector50
                0x0800f1c0                Vector194
                0x0800f1c0                Vector44
                0x0800f1c0                Vector28
                0x0800f1c0                VectorB8
                0x0800f1c0                Vector34
                0x0800f1c0                VectorA4
                0x0800f1c0                Vector20
                0x0800f1c0                Vector18C
                0x0800f1c0                Vector174
 *fill*         0x0800f1c4        0xc 
 .text.__init_ram_areas
                0x0800f1d0       0x64 /tmp/cc6c6mI8.ltrans10.ltrans.o
                0x0800f1d0                __init_ram_areas
 *fill*         0x0800f234        0xc 
 .text.__default_exit
                0x0800f240        0x4 /tmp/cc6c6mI8.ltrans10.ltrans.o
                0x0800f240                __default_exit
 *fill*         0x0800f244        0xc 
 .text.__late_init
                0x0800f250        0x4 /tmp/cc6c6mI8.ltrans10.ltrans.o
                0x0800f250                __late_init
 *fill*         0x0800f254        0xc 
 .text.__core_init
                0x0800f260        0x4 /tmp/cc6c6mI8.ltrans10.ltrans.o
                0x0800f260                __core_init
 *fill*         0x0800f264        0xc 
 .text.OV2640_dma_avail
                0x0800f270       0xc4 /tmp/cc6c6mI8.ltrans11.ltrans.o
 *fill*         0x0800f334        0xc 
 .text.OV2640_init
                0x0800f340      0x5c0 /tmp/cc6c6mI8.ltrans11.ltrans.o
                0x0800f340                OV2640_init
 .text.OV2640_getBuffer
                0x0800f900       0x24 /tmp/cc6c6mI8.ltrans11.ltrans.o
                0x0800f900                OV2640_getBuffer
 *fill*         0x0800f924        0xc 
 .text.OV2640_Snapshot2RAM
                0x0800f930       0xd0 /tmp/cc6c6mI8.ltrans11.ltrans.o
                0x0800f930                OV2640_Snapshot2RAM
 .text.pac1720_getPowerCharge
                0x0800fa00       0x28 /tmp/cc6c6mI8.ltrans11.ltrans.o
                0x0800fa00                pac1720_getPowerCharge
 *fill*         0x0800fa28        0x8 
 .text.pac1720_getPowerDischarge
                0x0800fa30       0x28 /tmp/cc6c6mI8.ltrans11.ltrans.o
                0x0800fa30                pac1720_getPowerDischarge
 *fill*         0x0800fa58        0x8 
 .text.pac1720_thd
                0x0800fa60       0x44 /tmp/cc6c6mI8.ltrans11.ltrans.o
                0x0800fa60                pac1720_thd
 *fill*         0x0800faa4        0xc 
 .text.BME280_getHumidity
                0x0800fab0       0xa8 /tmp/cc6c6mI8.ltrans11.ltrans.o
                0x0800fab0                BME280_getHumidity
 *fill*         0x0800fb58        0x8 
 .text.BME280_getTemperature
                0x0800fb60       0x64 /tmp/cc6c6mI8.ltrans11.ltrans.o
                0x0800fb60                BME280_getTemperature
 *fill*         0x0800fbc4        0xc 
 .text.BME280_Init
                0x0800fbd0      0x144 /tmp/cc6c6mI8.ltrans11.ltrans.o
                0x0800fbd0                BME280_Init
 *fill*         0x0800fd14        0xc 
 .text.BME280_isAvailable
                0x0800fd20       0x24 /tmp/cc6c6mI8.ltrans11.ltrans.o
                0x0800fd20                BME280_isAvailable
 *fill*         0x0800fd44        0xc 
 .text.dBm2powerLvl
                0x0800fd50       0x90 /tmp/cc6c6mI8.ltrans11.ltrans.o
                0x0800fd50                dBm2powerLvl
 .text.Si4464_write
                0x0800fde0       0xb8 /tmp/cc6c6mI8.ltrans11.ltrans.o
                0x0800fde0                Si4464_write
 *fill*         0x0800fe98        0x8 
 .text.ssdv_outbits.lto_priv.158
                0x0800fea0       0x94 /tmp/cc6c6mI8.ltrans12.ltrans.o
                0x0800fea0                ssdv_outbits.lto_priv.158
 *fill*         0x0800ff34        0xc 
 .text.ssdv_outbits_sync.lto_priv.159
                0x0800ff40       0x1c /tmp/cc6c6mI8.ltrans12.ltrans.o
                0x0800ff40                ssdv_outbits_sync.lto_priv.159
 *fill*         0x0800ff5c        0x4 
 .text.log_error
                0x0800ff60       0x80 /tmp/cc6c6mI8.ltrans12.ltrans.o
                0x0800ff60                log_error
 .text.ssdv_out_jpeg_int.lto_priv.160
                0x0800ffe0      0x184 /tmp/cc6c6mI8.ltrans12.ltrans.o
                0x0800ffe0                ssdv_out_jpeg_int.lto_priv.160
 *fill*         0x08010164        0xc 
 .text.moduleERROR
                0x08010170      0x2f4 /tmp/cc6c6mI8.ltrans12.ltrans.o
                0x08010170                moduleERROR
 *fill*         0x08010464        0xc 
 .text.moduleLOG
                0x08010470      0xc20 /tmp/cc6c6mI8.ltrans12.ltrans.o
                0x08010470                moduleLOG
 .text.Vector11C
                0x08011090      0x160 /tmp/cc6c6mI8.ltrans13.ltrans.o
 .text.serial_cb
                0x080111f0      0x1e0 /tmp/cc6c6mI8.ltrans13.ltrans.o
 .text.getAPRSRegionFrequency2m
                0x080113d0      0x12c /tmp/cc6c6mI8.ltrans13.ltrans.o
                0x080113d0                getAPRSRegionFrequency2m
 *fill*         0x080114fc        0x4 
 .text.flashSectorSize.part.1.lto_priv.168
                0x08011500       0x18 /tmp/cc6c6mI8.ltrans13.ltrans.o
                0x08011500                flashSectorSize.part.1.lto_priv.168
 *fill*         0x08011518        0x8 
 .text.flashSectorAt
                0x08011520       0x50 /tmp/cc6c6mI8.ltrans13.ltrans.o
                0x08011520                flashSectorAt
 .text.transmitOnRadio
                0x08011570      0x614 /tmp/cc6c6mI8.ltrans13.ltrans.o
                0x08011570                transmitOnRadio
 *fill*         0x08011b84        0xc 
 .text.led_cb.lto_priv.115
                0x08011b90       0x84 /tmp/cc6c6mI8.ltrans14.ltrans.o
                0x08011b90                led_cb.lto_priv.115
 *fill*         0x08011c14        0xc 
 .text.sync_window.part.3.lto_priv.156
                0x08011c20       0x58 /tmp/cc6c6mI8.ltrans14.ltrans.o
                0x08011c20                sync_window.part.3.lto_priv.156
 *fill*         0x08011c78        0x8 
 .text.get_ldnumber.lto_priv.113
                0x08011c80       0x48 /tmp/cc6c6mI8.ltrans14.ltrans.o
                0x08011c80                get_ldnumber.lto_priv.113
 *fill*         0x08011cc8        0x8 
 .text.move_window.lto_priv.151
                0x08011cd0       0x34 /tmp/cc6c6mI8.ltrans14.ltrans.o
                0x08011cd0                move_window.lto_priv.151
 *fill*         0x08011d04        0xc 
 .text.put_fat.part.8.lto_priv.154
                0x08011d10      0x124 /tmp/cc6c6mI8.ltrans14.ltrans.o
                0x08011d10                put_fat.part.8.lto_priv.154
 *fill*         0x08011e34        0xc 
 .text.get_fat.part.6.lto_priv.114
                0x08011e40       0xc0 /tmp/cc6c6mI8.ltrans14.ltrans.o
                0x08011e40                get_fat.part.6.lto_priv.114
 .text.create_chain.lto_priv.155
                0x08011f00       0xc8 /tmp/cc6c6mI8.ltrans14.ltrans.o
                0x08011f00                create_chain.lto_priv.155
 *fill*         0x08011fc8        0x8 
 .text.dir_next.lto_priv.153
                0x08011fd0      0x140 /tmp/cc6c6mI8.ltrans14.ltrans.o
                0x08011fd0                dir_next.lto_priv.153
 .text.check_fs.lto_priv.152
                0x08012110       0x54 /tmp/cc6c6mI8.ltrans14.ltrans.o
                0x08012110                check_fs.lto_priv.152
 *fill*         0x08012164        0xc 
 .text.isPointInPolygon
                0x08012170       0x78 /tmp/cc6c6mI8.ltrans14.ltrans.o
                0x08012170                isPointInPolygon
 *fill*         0x080121e8        0x8 
 .text.base91_encode
                0x080121f0      0x130 /tmp/cc6c6mI8.ltrans14.ltrans.o
                0x080121f0                base91_encode
 .text.waitForTrigger
                0x08012320       0x50 /tmp/cc6c6mI8.ltrans14.ltrans.o
                0x08012320                waitForTrigger
 .text.p_sleep  0x08012370      0x100 /tmp/cc6c6mI8.ltrans14.ltrans.o
                0x08012370                p_sleep
 .text.getFrequency
                0x08012470       0x20 /tmp/cc6c6mI8.ltrans14.ltrans.o
                0x08012470                getFrequency
 .text.chSchWakeupS.constprop.97
                0x08012490       0x78 /tmp/cc6c6mI8.ltrans15.ltrans.o
                0x08012490                chSchWakeupS.constprop.97
 *fill*         0x08012508        0x8 
 .text.chTMStartMeasurementX.constprop.94
                0x08012510        0xc /tmp/cc6c6mI8.ltrans15.ltrans.o
                0x08012510                chTMStartMeasurementX.constprop.94
 *fill*         0x0801251c        0x4 
 .text.chThdDequeueNextI.constprop.90
                0x08012520       0x30 /tmp/cc6c6mI8.ltrans15.ltrans.o
                0x08012520                chThdDequeueNextI.constprop.90
 .text.chEvtBroadcastFlagsI.constprop.89
                0x08012550       0x8c /tmp/cc6c6mI8.ltrans15.ltrans.o
                0x08012550                chEvtBroadcastFlagsI.constprop.89
 *fill*         0x080125dc        0x4 
 .text.rtc_lld_get_time.constprop.54
                0x080125e0       0xf4 /tmp/cc6c6mI8.ltrans15.ltrans.o
                0x080125e0                rtc_lld_get_time.constprop.54
 *fill*         0x080126d4        0xc 
 .text.chprintf.constprop.35
                0x080126e0       0x24 /tmp/cc6c6mI8.ltrans15.ltrans.o
                0x080126e0                chprintf.constprop.35
 *fill*         0x08012704        0xc 
 .text.disk_read.constprop.33
                0x08012710       0x44 /tmp/cc6c6mI8.ltrans15.ltrans.o
                0x08012710                disk_read.constprop.33
 *fill*         0x08012754        0xc 
 .text.chThdCreateFromHeap.constprop.87
                0x08012760      0x180 /tmp/cc6c6mI8.ltrans15.ltrans.o
                0x08012760                chThdCreateFromHeap.constprop.87
 .text.i2cStart.constprop.66
                0x080128e0      0x24c /tmp/cc6c6mI8.ltrans15.ltrans.o
                0x080128e0                i2cStart.constprop.66
 *fill*         0x08012b2c        0x4 
 .text.spiExchange.constprop.47
                0x08012b30       0x9c /tmp/cc6c6mI8.ltrans15.ltrans.o
                0x08012b30                spiExchange.constprop.47
 *fill*         0x08012bcc        0x4 
 .text.wdgReset.constprop.41
                0x08012bd0       0x58 /tmp/cc6c6mI8.ltrans15.ltrans.o
                0x08012bd0                wdgReset.constprop.41
 *fill*         0x08012c28        0x8 
 .text.str_replace
                0x08012c30       0x9c /tmp/cc6c6mI8.ltrans16.ltrans.o
                0x08012c30                str_replace
 *fill*         0x08012ccc        0x4 
 .text.replace_placeholders
                0x08012cd0      0x4ec /tmp/cc6c6mI8.ltrans16.ltrans.o
                0x08012cd0                replace_placeholders
 *fill*         0x080131bc        0x4 
 .text.floor    0x080131c0      0x110 /usr/bin/gcc-arm-none-eabi-5_4-2016q2/bin/../lib/gcc/arm-none-eabi/5.4.1/../../../../arm-none-eabi/lib/armv7e-m/libm.a(lib_a-s_floor.o)
                0x080131c0                floor
 .text.fmod     0x080132d0       0xc4 /usr/bin/gcc-arm-none-eabi-5_4-2016q2/bin/../lib/gcc/arm-none-eabi/5.4.1/../../../../arm-none-eabi/lib/armv7e-m/libm.a(lib_a-w_fmod.o)
                0x080132d0                fmod
 *fill*         0x08013394        0xc 
 .text.logf     0x080133a0       0xe4 /usr/bin/gcc-arm-none-eabi-5_4-2016q2/bin/../lib/gcc/arm-none-eabi/5.4.1/../../../../arm-none-eabi/lib/armv7e-m/libm.a(lib_a-wf_log.o)
                0x080133a0                logf
 *fill*         0x08013484        0xc 
 .text.__ieee754_fmod
                0x08013490      0x238 /usr/bin/gcc-arm-none-eabi-5_4-2016q2/bin/../lib/gcc/arm-none-eabi/5.4.1/../../../../arm-none-eabi/lib/armv7e-m/libm.a(lib_a-e_fmod.o)
                0x08013490                __ieee754_fmod
 *fill*         0x080136c8        0x8 
 .text.__ieee754_logf
                0x080136d0      0x284 /usr/bin/gcc-arm-none-eabi-5_4-2016q2/bin/../lib/gcc/arm-none-eabi/5.4.1/../../../../arm-none-eabi/lib/armv7e-m/libm.a(lib_a-ef_log.o)
                0x080136d0                __ieee754_logf
 *fill*         0x08013954        0xc 
 .text.matherr  0x08013960        0x4 /usr/bin/gcc-arm-none-eabi-5_4-2016q2/bin/../lib/gcc/arm-none-eabi/5.4.1/../../../../arm-none-eabi/lib/armv7e-m/libm.a(lib_a-s_matherr.o)
                0x08013960                matherr
 *fill*         0x08013964        0xc 
 .text.nan      0x08013970        0xc /usr/bin/gcc-arm-none-eabi-5_4-2016q2/bin/../lib/gcc/arm-none-eabi/5.4.1/../../../../arm-none-eabi/lib/armv7e-m/libm.a(lib_a-s_nan.o)
                0x08013970                nan
 *fill*         0x0801397c        0x4 
 .text.__errno  0x08013980        0xc /usr/bin/gcc-arm-none-eabi-5_4-2016q2/bin/../lib/gcc/arm-none-eabi/5.4.1/../../../../arm-none-eabi/lib/armv7e-m/libg.a(lib_a-errno.o)
                0x08013980                __errno
 *fill*         0x0801398c        0x4 
 .text.memmove  0x08013990       0xc8 /usr/bin/gcc-arm-none-eabi-5_4-2016q2/bin/../lib/gcc/arm-none-eabi/5.4.1/../../../../arm-none-eabi/lib/armv7e-m/libg.a(lib_a-memmove.o)
                0x08013990                memmove
 *fill*         0x08013a58        0x8 
 .text.memset   0x08013a60       0x9c /usr/bin/gcc-arm-none-eabi-5_4-2016q2/bin/../lib/gcc/arm-none-eabi/5.4.1/../../../../arm-none-eabi/lib/armv7e-m/libg.a(lib_a-memset.o)
                0x08013a60                memset
 *(.glue_7t)
 .glue_7t       0x08013afc        0x0 linker stubs
 *(.glue_7)
 .glue_7        0x08013afc        0x0 linker stubs
 *(.gcc*)

.vfp11_veneer   0x08013afc        0x0
 .vfp11_veneer  0x08013afc        0x0 linker stubs

.v4_bx          0x08013afc        0x0
 .v4_bx         0x08013afc        0x0 linker stubs

.iplt           0x08013afc        0x0
 .iplt          0x08013afc        0x0 build/obj/crt0_v7m.o

.rodata         0x08013b00     0x3be0
                0x08013b00                . = ALIGN (0x4)
                0x08013b00                __rodata_base__ = .
 *(.rodata)
 .rodata        0x08013b00       0xa0 /tmp/cc6c6mI8.ltrans0.ltrans.o
 .rodata        0x08013ba0        0x4 /tmp/cc6c6mI8.ltrans4.ltrans.o
 .rodata        0x08013ba4       0x4e /tmp/cc6c6mI8.ltrans5.ltrans.o
 *fill*         0x08013bf2        0x2 
 .rodata        0x08013bf4       0x10 /tmp/cc6c6mI8.ltrans9.ltrans.o
 *fill*         0x08013c04        0x4 
 .rodata        0x08013c08       0x10 /tmp/cc6c6mI8.ltrans12.ltrans.o
 *(.rodata.*)
 .rodata.nonLeapYear
                0x08013c18       0x1a /tmp/cc6c6mI8.ltrans0.ltrans.o
 *fill*         0x08013c32        0x2 
 .rodata.leapYear
                0x08013c34       0x1a /tmp/cc6c6mI8.ltrans0.ltrans.o
 *fill*         0x08013c4e        0x2 
 .rodata.str1.4
                0x08013c50      0x6d7 /tmp/cc6c6mI8.ltrans0.ltrans.o
                                0x6e3 (size before relaxing)
 *fill*         0x08014327        0x1 
 .rodata.str1.4
                0x08014328      0x334 /tmp/cc6c6mI8.ltrans1.ltrans.o
                                0x370 (size before relaxing)
 .rodata.ExCvt  0x0801465c       0x80 /tmp/cc6c6mI8.ltrans1.ltrans.o
 .rodata.std_dht10
                0x080146dc       0xb3 /tmp/cc6c6mI8.ltrans2.ltrans.o
 *fill*         0x0801478f        0x1 
 .rodata.std_dht11
                0x08014790       0xb3 /tmp/cc6c6mI8.ltrans2.ltrans.o
 *fill*         0x08014843        0x1 
 .rodata.std_dqt0
                0x08014844       0x41 /tmp/cc6c6mI8.ltrans2.ltrans.o
 *fill*         0x08014885        0x3 
 .rodata.std_dqt1
                0x08014888       0x41 /tmp/cc6c6mI8.ltrans2.ltrans.o
 *fill*         0x080148c9        0x3 
 .rodata.GENPOLY
                0x080148cc       0x21 /tmp/cc6c6mI8.ltrans2.ltrans.o
 *fill*         0x080148ed        0x3 
 .rodata.str1.4
                0x080148f0      0x3d9 /tmp/cc6c6mI8.ltrans2.ltrans.o
                                0x421 (size before relaxing)
 *fill*         0x08014cc9        0x3 
 .rodata.INDEX_OF
                0x08014ccc      0x100 /tmp/cc6c6mI8.ltrans2.ltrans.o
 .rodata.ALPHA_TO
                0x08014dcc      0x100 /tmp/cc6c6mI8.ltrans2.ltrans.o
 .rodata.std_dht00
                0x08014ecc       0x1d /tmp/cc6c6mI8.ltrans2.ltrans.o
 *fill*         0x08014ee9        0x3 
 .rodata.std_dht01
                0x08014eec       0x1d /tmp/cc6c6mI8.ltrans2.ltrans.o
 *fill*         0x08014f09        0x3 
 .rodata.__func__.5997.lto_priv.123
                0x08014f0c        0xc /tmp/cc6c6mI8.ltrans3.ltrans.o
 .rodata.mmc_vmt
                0x08014f18       0x20 /tmp/cc6c6mI8.ltrans3.ltrans.o
 .rodata.__func__.5997.lto_priv.121
                0x08014f38        0xc /tmp/cc6c6mI8.ltrans3.ltrans.o
                0x08014f38                __func__.5997.lto_priv.121
 .rodata.__func__.5997.lto_priv.122
                0x08014f44        0xc /tmp/cc6c6mI8.ltrans3.ltrans.o
 .rodata.__func__.5997.lto_priv.124
                0x08014f50        0xc /tmp/cc6c6mI8.ltrans3.ltrans.o
 .rodata.__func__.6700
                0x08014f5c        0xc /tmp/cc6c6mI8.ltrans3.ltrans.o
 .rodata.idle_descriptor.6681
                0x08014f68       0x18 /tmp/cc6c6mI8.ltrans3.ltrans.o
 .rodata.__func__.6704
                0x08014f80        0xb /tmp/cc6c6mI8.ltrans3.ltrans.o
 *fill*         0x08014f8b        0x1 
 .rodata._stm32_dma_streams
                0x08014f8c       0xc0 /tmp/cc6c6mI8.ltrans3.ltrans.o
                0x08014f8c                _stm32_dma_streams
 .rodata.wdgcfg
                0x0801504c        0x8 /tmp/cc6c6mI8.ltrans3.ltrans.o
 .rodata.__func__.6721
                0x08015054        0xd /tmp/cc6c6mI8.ltrans3.ltrans.o
 *fill*         0x08015061        0x3 
 .rodata.ch_debug
                0x08015064       0x16 /tmp/cc6c6mI8.ltrans3.ltrans.o
 *fill*         0x0801507a        0x2 
 .rodata.str1.4
                0x0801507c      0x291 /tmp/cc6c6mI8.ltrans3.ltrans.o
                                0x319 (size before relaxing)
 *fill*         0x0801530d        0x3 
 .rodata.vmt    0x08015310       0x20 /tmp/cc6c6mI8.ltrans3.ltrans.o
 .rodata.__func__.8180
                0x08015330        0x9 /tmp/cc6c6mI8.ltrans3.ltrans.o
 *fill*         0x08015339        0x3 
 .rodata.__func__.8224
                0x0801533c        0x8 /tmp/cc6c6mI8.ltrans3.ltrans.o
 .rodata.__func__.6701
                0x08015344        0xc /tmp/cc6c6mI8.ltrans3.ltrans.o
 .rodata.__func__.6944
                0x08015350       0x10 /tmp/cc6c6mI8.ltrans3.ltrans.o
 .rodata.__func__.6261
                0x08015360        0xc /tmp/cc6c6mI8.ltrans3.ltrans.o
 .rodata.str1.4
                0x0801536c      0x228 /tmp/cc6c6mI8.ltrans4.ltrans.o
                                0x264 (size before relaxing)
 .rodata.__func__.5997
                0x08015594        0xc /tmp/cc6c6mI8.ltrans5.ltrans.o
 .rodata.adcgrpcfg
                0x080155a0       0x28 /tmp/cc6c6mI8.ltrans5.ltrans.o
 .rodata.__func__.8187
                0x080155c8        0x8 /tmp/cc6c6mI8.ltrans5.ltrans.o
 .rodata.__func__.8183
                0x080155d0        0x9 /tmp/cc6c6mI8.ltrans5.ltrans.o
 *fill*         0x080155d9        0x3 
 .rodata.str1.4
                0x080155dc       0xac /tmp/cc6c6mI8.ltrans5.ltrans.o
                                0x114 (size before relaxing)
 .rodata.__func__.8192
                0x08015688        0xe /tmp/cc6c6mI8.ltrans5.ltrans.o
 *fill*         0x08015696        0x2 
 .rodata.__func__.8200
                0x08015698       0x14 /tmp/cc6c6mI8.ltrans5.ltrans.o
 .rodata.__func__.8424
                0x080156ac       0x18 /tmp/cc6c6mI8.ltrans6.ltrans.o
 .rodata.__func__.8244
                0x080156c4        0xf /tmp/cc6c6mI8.ltrans6.ltrans.o
 *fill*         0x080156d3        0x1 
 .rodata.__func__.8205
                0x080156d4        0xe /tmp/cc6c6mI8.ltrans6.ltrans.o
 *fill*         0x080156e2        0x2 
 .rodata.stopcmd.8418
                0x080156e4        0x7 /tmp/cc6c6mI8.ltrans6.ltrans.o
 *fill*         0x080156eb        0x1 
 .rodata.__func__.5997
                0x080156ec        0xc /tmp/cc6c6mI8.ltrans6.ltrans.o
 .rodata.__func__.8440
                0x080156f8        0x8 /tmp/cc6c6mI8.ltrans6.ltrans.o
 .rodata.crc7_lookup_table
                0x08015700      0x100 /tmp/cc6c6mI8.ltrans6.ltrans.o
 .rodata.__func__.8388
                0x08015800        0xb /tmp/cc6c6mI8.ltrans6.ltrans.o
 *fill*         0x0801580b        0x1 
 .rodata.__func__.8445
                0x0801580c        0xb /tmp/cc6c6mI8.ltrans6.ltrans.o
 *fill*         0x08015817        0x1 
 .rodata.__func__.8182
                0x08015818       0x11 /tmp/cc6c6mI8.ltrans6.ltrans.o
 *fill*         0x08015829        0x3 
 .rodata.__func__.8400
                0x0801582c        0xe /tmp/cc6c6mI8.ltrans6.ltrans.o
 *fill*         0x0801583a        0x2 
 .rodata.__func__.8186
                0x0801583c        0xb /tmp/cc6c6mI8.ltrans6.ltrans.o
 *fill*         0x08015847        0x1 
 .rodata.__func__.8405
                0x08015848       0x17 /tmp/cc6c6mI8.ltrans6.ltrans.o
 *fill*         0x0801585f        0x1 
 .rodata.__func__.8411
                0x08015860       0x12 /tmp/cc6c6mI8.ltrans6.ltrans.o
 *fill*         0x08015872        0x2 
 .rodata.__func__.6261
                0x08015874        0xc /tmp/cc6c6mI8.ltrans6.ltrans.o
 .rodata.start.8429
                0x08015880        0x2 /tmp/cc6c6mI8.ltrans6.ltrans.o
 *fill*         0x08015882        0x2 
 .rodata.__func__.8431.lto_priv.181
                0x08015884       0x13 /tmp/cc6c6mI8.ltrans7.ltrans.o
                0x08015884                __func__.8431.lto_priv.181
 *fill*         0x08015897        0x1 
 .rodata.stop.8435.lto_priv.180
                0x08015898        0x2 /tmp/cc6c6mI8.ltrans7.ltrans.o
                0x08015898                stop.8435.lto_priv.180
 *fill*         0x0801589a        0x2 
 .rodata.__func__.8205
                0x0801589c        0xa /tmp/cc6c6mI8.ltrans7.ltrans.o
 *fill*         0x080158a6        0x2 
 .rodata.__func__.8184
                0x080158a8        0x9 /tmp/cc6c6mI8.ltrans7.ltrans.o
 *fill*         0x080158b1        0x3 
 .rodata.__func__.8245
                0x080158b4        0x9 /tmp/cc6c6mI8.ltrans7.ltrans.o
 *fill*         0x080158bd        0x3 
 .rodata.month_len
                0x080158c0        0xc /tmp/cc6c6mI8.ltrans7.ltrans.o
 .rodata.__func__.8436.lto_priv.179
                0x080158cc       0x17 /tmp/cc6c6mI8.ltrans7.ltrans.o
                0x080158cc                __func__.8436.lto_priv.179
 *fill*         0x080158e3        0x1 
 .rodata.str1.4
                0x080158e4       0x13 /tmp/cc6c6mI8.ltrans7.ltrans.o
 *fill*         0x080158f7        0x1 
 .rodata.__func__.8250
                0x080158f8        0x9 /tmp/cc6c6mI8.ltrans7.ltrans.o
 *fill*         0x08015901        0x3 
 .rodata.vmt    0x08015904       0x10 /tmp/cc6c6mI8.ltrans7.ltrans.o
 .rodata.__func__.6086
                0x08015914        0xc /tmp/cc6c6mI8.ltrans8.ltrans.o
 .rodata.__func__.8259
                0x08015920        0xa /tmp/cc6c6mI8.ltrans8.ltrans.o
 *fill*         0x0801592a        0x2 
 .rodata.__func__.8243
                0x0801592c        0xb /tmp/cc6c6mI8.ltrans8.ltrans.o
 *fill*         0x08015937        0x1 
 .rodata.__func__.8244
                0x08015938        0xa /tmp/cc6c6mI8.ltrans8.ltrans.o
 *fill*         0x08015942        0x2 
 .rodata.__func__.8273
                0x08015944       0x12 /tmp/cc6c6mI8.ltrans8.ltrans.o
 .rodata.dummytx
                0x08015956        0x2 /tmp/cc6c6mI8.ltrans8.ltrans.o
 .rodata.__func__.8280
                0x08015958       0x11 /tmp/cc6c6mI8.ltrans8.ltrans.o
 *fill*         0x08015969        0x3 
 .rodata.__func__.8239
                0x0801596c        0xa /tmp/cc6c6mI8.ltrans8.ltrans.o
 *fill*         0x08015976        0x2 
 .rodata.__func__.8183
                0x08015978        0x9 /tmp/cc6c6mI8.ltrans8.ltrans.o
 *fill*         0x08015981        0x3 
 .rodata.__func__.8224.lto_priv.173
                0x08015984        0xa /tmp/cc6c6mI8.ltrans8.ltrans.o
 *fill*         0x0801598e        0x2 
 .rodata.__func__.8187
                0x08015990        0x8 /tmp/cc6c6mI8.ltrans8.ltrans.o
 .rodata.__func__.8204
                0x08015998        0x9 /tmp/cc6c6mI8.ltrans8.ltrans.o
 *fill*         0x080159a1        0x3 
 .rodata.__func__.8189
                0x080159a4        0x9 /tmp/cc6c6mI8.ltrans8.ltrans.o
 *fill*         0x080159ad        0x3 
 .rodata.__func__.8209
                0x080159b0        0x9 /tmp/cc6c6mI8.ltrans8.ltrans.o
 *fill*         0x080159b9        0x3 
 .rodata.__func__.8214
                0x080159bc        0x9 /tmp/cc6c6mI8.ltrans8.ltrans.o
 *fill*         0x080159c5        0x3 
 .rodata.__func__.8194
                0x080159c8        0x9 /tmp/cc6c6mI8.ltrans8.ltrans.o
 *fill*         0x080159d1        0x3 
 .rodata.__func__.8176
                0x080159d4        0x9 /tmp/cc6c6mI8.ltrans8.ltrans.o
 *fill*         0x080159dd        0x3 
 .rodata.__func__.8219
                0x080159e0        0x9 /tmp/cc6c6mI8.ltrans8.ltrans.o
 *fill*         0x080159e9        0x3 
 .rodata.__func__.8184
                0x080159ec        0x9 /tmp/cc6c6mI8.ltrans8.ltrans.o
 *fill*         0x080159f5        0x3 
 .rodata.__func__.8197
                0x080159f8        0xe /tmp/cc6c6mI8.ltrans8.ltrans.o
 *fill*         0x08015a06        0x2 
 .rodata.__func__.8191
                0x08015a08        0xa /tmp/cc6c6mI8.ltrans8.ltrans.o
 *fill*         0x08015a12        0x2 
 .rodata.__func__.8229
                0x08015a14        0xa /tmp/cc6c6mI8.ltrans8.ltrans.o
 *fill*         0x08015a1e        0x2 
 .rodata.__func__.8234
                0x08015a20        0xa /tmp/cc6c6mI8.ltrans8.ltrans.o
 *fill*         0x08015a2a        0x2 
 .rodata.__func__.8195
                0x08015a2c        0xc /tmp/cc6c6mI8.ltrans8.ltrans.o
 .rodata.__func__.8237
                0x08015a38        0x8 /tmp/cc6c6mI8.ltrans8.ltrans.o
 .rodata.__func__.8199
                0x08015a40        0x9 /tmp/cc6c6mI8.ltrans8.ltrans.o
 *fill*         0x08015a49        0x3 
 .rodata.__func__.8224.lto_priv.174
                0x08015a4c        0xa /tmp/cc6c6mI8.ltrans8.ltrans.o
 *fill*         0x08015a56        0x2 
 .rodata.__func__.8249
                0x08015a58        0xa /tmp/cc6c6mI8.ltrans8.ltrans.o
 *fill*         0x08015a62        0x2 
 .rodata.__func__.8254
                0x08015a64        0xa /tmp/cc6c6mI8.ltrans8.ltrans.o
 *fill*         0x08015a6e        0x2 
 .rodata.__func__.8202
                0x08015a70       0x19 /tmp/cc6c6mI8.ltrans9.ltrans.o
 *fill*         0x08015a89        0x3 
 .rodata.__func__.5997
                0x08015a8c        0xc /tmp/cc6c6mI8.ltrans9.ltrans.o
 .rodata.__func__.8187
                0x08015a98        0x8 /tmp/cc6c6mI8.ltrans9.ltrans.o
 .rodata.str1.4
                0x08015aa0      0x113 /tmp/cc6c6mI8.ltrans9.ltrans.o
                                0x17f (size before relaxing)
 *fill*         0x08015bb3        0x1 
 .rodata.__func__.6774
                0x08015bb4       0x15 /tmp/cc6c6mI8.ltrans9.ltrans.o
 *fill*         0x08015bc9        0x3 
 .rodata.__func__.6685
                0x08015bcc       0x14 /tmp/cc6c6mI8.ltrans10.ltrans.o
 .rodata.__func__.6705
                0x08015be0        0xc /tmp/cc6c6mI8.ltrans10.ltrans.o
 .rodata.__func__.6768
                0x08015bec        0xe /tmp/cc6c6mI8.ltrans10.ltrans.o
 *fill*         0x08015bfa        0x2 
 .rodata.__func__.6690
                0x08015bfc        0xd /tmp/cc6c6mI8.ltrans10.ltrans.o
 *fill*         0x08015c09        0x3 
 .rodata.__func__.6780
                0x08015c0c        0xd /tmp/cc6c6mI8.ltrans10.ltrans.o
 *fill*         0x08015c19        0x3 
 .rodata.__func__.6682.lto_priv.191
                0x08015c1c        0xb /tmp/cc6c6mI8.ltrans10.ltrans.o
 *fill*         0x08015c27        0x1 
 .rodata.__func__.6736
                0x08015c28        0xb /tmp/cc6c6mI8.ltrans10.ltrans.o
 *fill*         0x08015c33        0x1 
 .rodata.__func__.6682.lto_priv.192
                0x08015c34        0xb /tmp/cc6c6mI8.ltrans10.ltrans.o
 *fill*         0x08015c3f        0x1 
 .rodata.__func__.6679
                0x08015c40        0xc /tmp/cc6c6mI8.ltrans10.ltrans.o
 .rodata.str1.4
                0x08015c4c       0x4d /tmp/cc6c6mI8.ltrans10.ltrans.o
 *fill*         0x08015c99        0x3 
 .rodata.__func__.6686
                0x08015c9c       0x11 /tmp/cc6c6mI8.ltrans10.ltrans.o
 *fill*         0x08015cad        0x3 
 .rodata.ram_areas
                0x08015cb0       0x80 /tmp/cc6c6mI8.ltrans10.ltrans.o
 .rodata.__func__.6688
                0x08015d30       0x16 /tmp/cc6c6mI8.ltrans10.ltrans.o
 *fill*         0x08015d46        0x2 
 .rodata.__func__.5997.lto_priv.187
                0x08015d48        0xc /tmp/cc6c6mI8.ltrans10.ltrans.o
 .rodata.__func__.5997.lto_priv.188
                0x08015d54        0xc /tmp/cc6c6mI8.ltrans10.ltrans.o
 .rodata.__func__.8179
                0x08015d60        0xd /tmp/cc6c6mI8.ltrans10.ltrans.o
 *fill*         0x08015d6d        0x3 
 .rodata.__func__.5997.lto_priv.186
                0x08015d70        0xc /tmp/cc6c6mI8.ltrans10.ltrans.o
 .rodata.__func__.6189
                0x08015d7c        0xc /tmp/cc6c6mI8.ltrans10.ltrans.o
 .rodata.ov2640_vga_regs
                0x08015d88        0xe /tmp/cc6c6mI8.ltrans11.ltrans.o
 *fill*         0x08015d96        0x2 
 .rodata.ls_spicfg1.lto_priv.142
                0x08015d98       0x10 /tmp/cc6c6mI8.ltrans11.ltrans.o
                0x08015d98                ls_spicfg1.lto_priv.142
 .rodata.ov2640_xga_regs
                0x08015da8       0x10 /tmp/cc6c6mI8.ltrans11.ltrans.o
 .rodata.ov2640_init_regs
                0x08015db8      0x158 /tmp/cc6c6mI8.ltrans11.ltrans.o
 .rodata.ov2640_qcif_regs
                0x08015f10        0xe /tmp/cc6c6mI8.ltrans11.ltrans.o
 *fill*         0x08015f1e        0x2 
 .rodata.ov2640_uxga_regs
                0x08015f20       0x12 /tmp/cc6c6mI8.ltrans11.ltrans.o
 *fill*         0x08015f32        0x2 
 .rodata.str1.4
                0x08015f34       0xbd /tmp/cc6c6mI8.ltrans11.ltrans.o
                                0x101 (size before relaxing)
 *fill*         0x08015ff1        0x3 
 .rodata.ov2640_qvga_regs
                0x08015ff4        0xe /tmp/cc6c6mI8.ltrans11.ltrans.o
 *fill*         0x08016002        0x2 
 .rodata.ov2640_format_change_preamble_regs
                0x08016004        0x6 /tmp/cc6c6mI8.ltrans11.ltrans.o
 *fill*         0x0801600a        0x2 
 .rodata.ov2640_jpeg_regs
                0x0801600c       0x14 /tmp/cc6c6mI8.ltrans11.ltrans.o
 .rodata.ov2640_yuyv_regs
                0x08016020       0x10 /tmp/cc6c6mI8.ltrans11.ltrans.o
 .rodata.ls_spicfg2.lto_priv.143
                0x08016030       0x10 /tmp/cc6c6mI8.ltrans11.ltrans.o
                0x08016030                ls_spicfg2.lto_priv.143
 .rodata.ov2640_size_change_preamble_regs
                0x08016040       0x18 /tmp/cc6c6mI8.ltrans11.ltrans.o
 .rodata.fileIDs
                0x08016058       0x4c /tmp/cc6c6mI8.ltrans12.ltrans.o
 .rodata.str1.4
                0x080160a4      0x170 /tmp/cc6c6mI8.ltrans12.ltrans.o
                                0x24c (size before relaxing)
 .rodata.newzealand2
                0x08016214       0x20 /tmp/cc6c6mI8.ltrans13.ltrans.o
 .rodata.japan  0x08016234       0x78 /tmp/cc6c6mI8.ltrans13.ltrans.o
 .rodata.brazil
                0x080162ac      0x4f0 /tmp/cc6c6mI8.ltrans13.ltrans.o
 .rodata.southeastAsia
                0x0801679c      0x120 /tmp/cc6c6mI8.ltrans13.ltrans.o
 .rodata.newzealand
                0x080168bc       0x80 /tmp/cc6c6mI8.ltrans13.ltrans.o
 .rodata.china  0x0801693c      0x418 /tmp/cc6c6mI8.ltrans13.ltrans.o
 .rodata.argentina
                0x08016d54      0x410 /tmp/cc6c6mI8.ltrans13.ltrans.o
 .rodata.str1.4
                0x08017164       0xe1 /tmp/cc6c6mI8.ltrans13.ltrans.o
                                0x12d (size before relaxing)
 *fill*         0x08017245        0x3 
 .rodata.MOULATION_STRING
                0x08017248       0x14 /tmp/cc6c6mI8.ltrans13.ltrans.o
                0x08017248                MOULATION_STRING
 .rodata.australia
                0x0801725c       0xe0 /tmp/cc6c6mI8.ltrans13.ltrans.o
 .rodata.america
                0x0801733c       0xd8 /tmp/cc6c6mI8.ltrans13.ltrans.o
 .rodata.southkorea
                0x08017414       0x50 /tmp/cc6c6mI8.ltrans13.ltrans.o
 .rodata.__func__.5997
                0x08017464        0xc /tmp/cc6c6mI8.ltrans13.ltrans.o
 .rodata.str1.4
                0x08017470       0x20 /tmp/cc6c6mI8.ltrans14.ltrans.o
                                 0x57 (size before relaxing)
 .rodata.b91_table
                0x08017490       0x5b /tmp/cc6c6mI8.ltrans14.ltrans.o
 *fill*         0x080174eb        0x1 
 .rodata.__func__.5997.lto_priv.105
                0x080174ec        0xc /tmp/cc6c6mI8.ltrans15.ltrans.o
                0x080174ec                __func__.5997.lto_priv.105
 .rodata.__func__.6690
                0x080174f8       0x13 /tmp/cc6c6mI8.ltrans15.ltrans.o
 *fill*         0x0801750b        0x1 
 .rodata.__func__.6715
                0x0801750c        0xd /tmp/cc6c6mI8.ltrans15.ltrans.o
 *fill*         0x08017519        0x3 
 .rodata.__func__.5997.lto_priv.104
                0x0801751c        0xc /tmp/cc6c6mI8.ltrans15.ltrans.o
                0x0801751c                __func__.5997.lto_priv.104
 .rodata.__func__.8231
                0x08017528        0xc /tmp/cc6c6mI8.ltrans15.ltrans.o
 .rodata.__func__.5997.lto_priv.103
                0x08017534        0xc /tmp/cc6c6mI8.ltrans15.ltrans.o
                0x08017534                __func__.5997.lto_priv.103
 .rodata.__func__.6716
                0x08017540        0xd /tmp/cc6c6mI8.ltrans15.ltrans.o
 *fill*         0x0801754d        0x3 
 .rodata._i2cfg
                0x08017550        0xc /tmp/cc6c6mI8.ltrans15.ltrans.o
                0x08017550                _i2cfg
 .rodata.__func__.8183
                0x0801755c        0x9 /tmp/cc6c6mI8.ltrans15.ltrans.o
 .rodata.str1.4
                0x08017565        0xf /tmp/cc6c6mI8.ltrans15.ltrans.o
 *fill*         0x08017565        0x3 
 .rodata.__func__.8419.lto_priv.182
                0x08017568       0x16 /tmp/cc6c6mI8.ltrans15.ltrans.o
                0x08017568                __func__.8419.lto_priv.182
 *fill*         0x0801757e        0x2 
 .rodata.__func__.8192
                0x08017580       0x12 /tmp/cc6c6mI8.ltrans15.ltrans.o
 *fill*         0x08017592        0x2 
 .rodata.__func__.5997.lto_priv.102
                0x08017594        0xc /tmp/cc6c6mI8.ltrans15.ltrans.o
 .rodata.__func__.8188
                0x080175a0        0x9 /tmp/cc6c6mI8.ltrans15.ltrans.o
 *fill*         0x080175a9        0x3 
 .rodata.__func__.8259
                0x080175ac        0xe /tmp/cc6c6mI8.ltrans15.ltrans.o
 *fill*         0x080175ba        0x2 
 .rodata.__func__.6201
                0x080175bc       0x14 /tmp/cc6c6mI8.ltrans15.ltrans.o
 .rodata.str1.4
                0x080175d0       0xee /tmp/cc6c6mI8.ltrans16.ltrans.o
                                 0xf2 (size before relaxing)
 .rodata.str1.4
                0x080176be        0x0 /usr/bin/gcc-arm-none-eabi-5_4-2016q2/bin/../lib/gcc/arm-none-eabi/5.4.1/../../../../arm-none-eabi/lib/armv7e-m/libg.a(lib_a-impure.o)
                                  0x2 (size before relaxing)
 *fill*         0x080176be        0x2 
 .rodata.str1.4
                0x080176c0        0x5 /usr/bin/gcc-arm-none-eabi-5_4-2016q2/bin/../lib/gcc/arm-none-eabi/5.4.1/../../../../arm-none-eabi/lib/armv7e-m/libm.a(lib_a-w_fmod.o)
 *fill*         0x080176c5        0x3 
 .rodata.str1.4
                0x080176c8        0x8 /usr/bin/gcc-arm-none-eabi-5_4-2016q2/bin/../lib/gcc/arm-none-eabi/5.4.1/../../../../arm-none-eabi/lib/armv7e-m/libm.a(lib_a-wf_log.o)
                                  0x9 (size before relaxing)
 .rodata.Zero   0x080176d0       0x10 /usr/bin/gcc-arm-none-eabi-5_4-2016q2/bin/../lib/gcc/arm-none-eabi/5.4.1/../../../../arm-none-eabi/lib/armv7e-m/libm.a(lib_a-e_fmod.o)
                0x080176e0                . = ALIGN (0x4)
                0x080176e0                __rodata_end__ = .

.ARM.extab
 *(.ARM.extab* .gnu.linkonce.armextab.*)

.ARM.exidx      0x080176e0        0x8
                0x080176e0                __exidx_start = .
 *(.ARM.exidx* .gnu.linkonce.armexidx.*)
 .ARM.exidx     0x080176e0        0x8 /usr/bin/gcc-arm-none-eabi-5_4-2016q2/bin/../lib/gcc/arm-none-eabi/5.4.1/armv7e-m/libgcc.a(_udivmoddi4.o)
                0x080176e8                __exidx_end = .

.rel.dyn        0x080176e8        0x0
 .rel.iplt      0x080176e8        0x0 build/obj/crt0_v7m.o

.eh_frame_hdr
 *(.eh_frame_hdr)

.eh_frame
 *(.eh_frame)
                0x20000000                __ram0_start__ = ORIGIN (ram0)
                0x00030000                __ram0_size__ = LENGTH (ram0)
                0x20030000                __ram0_end__ = (__ram0_start__ + __ram0_size__)
                0x20000000                __ram1_start__ = ORIGIN (ram1)
                0x0001c000                __ram1_size__ = LENGTH (ram1)
                0x2001c000                __ram1_end__ = (__ram1_start__ + __ram1_size__)
                0x2001c000                __ram2_start__ = ORIGIN (ram2)
                0x00004000                __ram2_size__ = LENGTH (ram2)
                0x20020000                __ram2_end__ = (__ram2_start__ + __ram2_size__)
                0x20020000                __ram3_start__ = ORIGIN (ram3)
                0x00010000                __ram3_size__ = LENGTH (ram3)
                0x20030000                __ram3_end__ = (__ram3_start__ + __ram3_size__)
                0x10000000                __ram4_start__ = ORIGIN (ram4)
                0x00010000                __ram4_size__ = LENGTH (ram4)
                0x10010000                __ram4_end__ = (__ram4_start__ + __ram4_size__)
                0x40024000                __ram5_start__ = ORIGIN (ram5)
                0x00001000                __ram5_size__ = LENGTH (ram5)
                0x40025000                __ram5_end__ = (__ram5_start__ + __ram5_size__)
                0x00000000                __ram6_start__ = ORIGIN (ram6)
                0x00000000                __ram6_size__ = LENGTH (ram6)
                0x00000000                __ram6_end__ = (__ram6_start__ + __ram6_size__)
                0x00000000                __ram7_start__ = ORIGIN (ram7)
                0x00000000                __ram7_size__ = LENGTH (ram7)
                0x00000000                __ram7_end__ = (__ram7_start__ + __ram7_size__)

.data           0x20000800      0x460 load address 0x080176e8
                0x20000800                . = ALIGN (0x4)
                [!provide]                PROVIDE (_textdata, LOADADDR (.data))
                [!provide]                PROVIDE (_data, .)
                0x080176e8                _textdata_start = LOADADDR (.data)
                0x20000800                _data_start = .
 *(.data)
 *(.data.*)
 .data.ls_spicfg.8790
                0x20000800       0x10 /tmp/cc6c6mI8.ltrans3.ltrans.o
 .data.mmccfg.8791
                0x20000810        0xc /tmp/cc6c6mI8.ltrans3.ltrans.o
 .data.hs_spicfg.8789
                0x2000081c       0x10 /tmp/cc6c6mI8.ltrans3.ltrans.o
 *fill*         0x2000082c        0x4 
 .data.impure_data
                0x20000830      0x428 /usr/bin/gcc-arm-none-eabi-5_4-2016q2/bin/../lib/gcc/arm-none-eabi/5.4.1/../../../../arm-none-eabi/lib/armv7e-m/libg.a(lib_a-impure.o)
 .data._impure_ptr
                0x20000c58        0x4 /usr/bin/gcc-arm-none-eabi-5_4-2016q2/bin/../lib/gcc/arm-none-eabi/5.4.1/../../../../arm-none-eabi/lib/armv7e-m/libg.a(lib_a-impure.o)
                0x20000c58                _impure_ptr
 .data.__fdlib_version
                0x20000c5c        0x1 /usr/bin/gcc-arm-none-eabi-5_4-2016q2/bin/../lib/gcc/arm-none-eabi/5.4.1/../../../../arm-none-eabi/lib/armv7e-m/libm.a(lib_a-s_lib_ver.o)
                0x20000c5c                __fdlib_version
 *(.ramtext)
                0x20000c60                . = ALIGN (0x4)
 *fill*         0x20000c5d        0x3 
                [!provide]                PROVIDE (_edata, .)
                0x20000c60                _data_end = .

.igot.plt       0x20000c60        0x0 load address 0x08017b48
 .igot.plt      0x20000c60        0x0 build/obj/crt0_v7m.o

.bss            0x20000c60    0x27bb0 load address 0x08017b48
                0x20000c60                . = ALIGN (0x4)
                0x20000c60                _bss_start = .
 *(.bss)
 *(.bss.*)
 .bss.logEntryCounter
                0x20000c60        0x4 /tmp/cc6c6mI8.ltrans0.ltrans.o
 .bss.trackPoints
                0x20000c64       0x70 /tmp/cc6c6mI8.ltrans0.ltrans.o
 .bss.nextLogEntryTimer
                0x20000cd4        0x4 /tmp/cc6c6mI8.ltrans0.ltrans.o
 .bss.gimage_id
                0x20000cd8        0x4 /tmp/cc6c6mI8.ltrans1.ltrans.o
 .bss.Fsid      0x20000cdc        0x2 /tmp/cc6c6mI8.ltrans1.ltrans.o
 *fill*         0x20000cde        0x2 
 .bss.fs.8797   0x20000ce0      0x230 /tmp/cc6c6mI8.ltrans1.ltrans.o
 .bss.ssdv1_buffer
                0x20000f10     0x5000 /tmp/cc6c6mI8.ltrans3.ltrans.o
 .bss.error     0x20005f10        0x1 /tmp/cc6c6mI8.ltrans3.ltrans.o
                0x20005f10                error
 *fill*         0x20005f11        0x3 
 .bss.nextmem.lto_priv.189
                0x20005f14        0x4 /tmp/cc6c6mI8.ltrans3.ltrans.o
                0x20005f14                nextmem.lto_priv.189
 .bss.radio_mtx
                0x20005f18       0x10 /tmp/cc6c6mI8.ltrans3.ltrans.o
                0x20005f18                radio_mtx
 .bss.dma_isr_redir.lto_priv.172
                0x20005f28       0x80 /tmp/cc6c6mI8.ltrans3.ltrans.o
                0x20005f28                dma_isr_redir.lto_priv.172
 .bss.counter   0x20005fa8        0x4 /tmp/cc6c6mI8.ltrans3.ltrans.o
 .bss.config    0x20005fac      0xf78 /tmp/cc6c6mI8.ltrans3.ltrans.o
 .bss.ssdv2_buffer
                0x20006f24    0x20800 /tmp/cc6c6mI8.ltrans3.ltrans.o
 .bss.watchdog_tracking
                0x20027724        0x4 /tmp/cc6c6mI8.ltrans3.ltrans.o
                0x20027724                watchdog_tracking
 .bss.dma_streams_mask.lto_priv.171
                0x20027728        0x4 /tmp/cc6c6mI8.ltrans3.ltrans.o
                0x20027728                dma_streams_mask.lto_priv.171
 .bss.camera_mtx
                0x2002772c       0x10 /tmp/cc6c6mI8.ltrans3.ltrans.o
                0x2002772c                camera_mtx
 .bss.ADCD1     0x2002773c       0x34 /tmp/cc6c6mI8.ltrans3.ltrans.o
                0x2002773c                ADCD1
 .bss.interference_mtx
                0x20027770       0x10 /tmp/cc6c6mI8.ltrans3.ltrans.o
                0x20027770                interference_mtx
 .bss.endmem.lto_priv.190
                0x20027780        0x4 /tmp/cc6c6mI8.ltrans3.ltrans.o
                0x20027780                endmem.lto_priv.190
 .bss.vt.lto_priv.138
                0x20027784       0x14 /tmp/cc6c6mI8.ltrans3.ltrans.o
                0x20027784                vt.lto_priv.138
 .bss.sdInitialized
                0x20027798        0x1 /tmp/cc6c6mI8.ltrans3.ltrans.o
                0x20027798                sdInitialized
 *fill*         0x20027799        0x7 
 .bss.ch_idle_thread_wa
                0x200277a0       0xd8 /tmp/cc6c6mI8.ltrans3.ltrans.o
 .bss.loss_of_gps_counter
                0x20027878        0x2 /tmp/cc6c6mI8.ltrans4.ltrans.o
 *fill*         0x2002787a        0x2 
 .bss.lfsr      0x2002787c        0x4 /tmp/cc6c6mI8.ltrans5.ltrans.o
 .bss.c.lto_priv.162
                0x20027880        0x4 /tmp/cc6c6mI8.ltrans5.ltrans.o
                0x20027880                c.lto_priv.162
 .bss.samples   0x20027884        0xc /tmp/cc6c6mI8.ltrans5.ltrans.o
 .bss.buffer.lto_priv.161
                0x20027890        0x4 /tmp/cc6c6mI8.ltrans5.ltrans.o
                0x20027890                buffer.lto_priv.161
 .bss.dummyrx   0x20027894        0x2 /tmp/cc6c6mI8.ltrans8.ltrans.o
 *fill*         0x20027896        0x2 
 .bss.outdiv    0x20027898        0x4 /tmp/cc6c6mI8.ltrans9.ltrans.o
 .bss.response.8740.lto_priv.167
                0x2002789c       0x5c /tmp/cc6c6mI8.ltrans9.ltrans.o
                0x2002789c                response.8740.lto_priv.167
 .bss.pi2c_mtx  0x200278f8       0x10 /tmp/cc6c6mI8.ltrans9.ltrans.o
                0x200278f8                pi2c_mtx
 .bss.fdst.8798.lto_priv.149
                0x20027908      0x224 /tmp/cc6c6mI8.ltrans9.ltrans.o
                0x20027908                fdst.8798.lto_priv.149
 .bss.trace_mtx
                0x20027b2c       0x10 /tmp/cc6c6mI8.ltrans9.ltrans.o
                0x20027b2c                trace_mtx
 .bss.FatFs.lto_priv.150
                0x20027b3c        0x4 /tmp/cc6c6mI8.ltrans9.ltrans.o
                0x20027b3c                FatFs.lto_priv.150
 .bss.ov2640_config
                0x20027b40        0x4 /tmp/cc6c6mI8.ltrans11.ltrans.o
                0x20027b40                ov2640_config
 .bss.pac1720_charge.lto_priv.166
                0x20027b44        0x4 /tmp/cc6c6mI8.ltrans11.ltrans.o
                0x20027b44                pac1720_charge.lto_priv.166
 .bss.pac1720_discharge.lto_priv.164
                0x20027b48        0x4 /tmp/cc6c6mI8.ltrans11.ltrans.o
                0x20027b48                pac1720_discharge.lto_priv.164
 .bss.pac1720_discharge_counter.lto_priv.163
                0x20027b4c        0x4 /tmp/cc6c6mI8.ltrans11.ltrans.o
                0x20027b4c                pac1720_discharge_counter.lto_priv.163
 .bss.pac1720_charge_counter.lto_priv.165
                0x20027b50        0x4 /tmp/cc6c6mI8.ltrans11.ltrans.o
                0x20027b50                pac1720_charge_counter.lto_priv.165
 .bss.msg_id    0x20027b54        0x2 /tmp/cc6c6mI8.ltrans12.ltrans.o
 .bss.error_id  0x20027b56        0x1 /tmp/cc6c6mI8.ltrans12.ltrans.o
 *fill*         0x20027b57        0x1 
 .bss.pkt.lto_priv.145
                0x20027b58       0x64 /tmp/cc6c6mI8.ltrans12.ltrans.o
 .bss.pkt.lto_priv.146
                0x20027bbc       0x68 /tmp/cc6c6mI8.ltrans12.ltrans.o
 .bss.error_log
                0x20027c24       0xc8 /tmp/cc6c6mI8.ltrans12.ltrans.o
 .bss.pkt_base91.lto_priv.147
                0x20027cec       0x7d /tmp/cc6c6mI8.ltrans12.ltrans.o
 *fill*         0x20027d69        0x3 
 .bss.pkt_base91.lto_priv.148
                0x20027d6c       0x82 /tmp/cc6c6mI8.ltrans12.ltrans.o
 *fill*         0x20027dee        0x2 
 .bss.nextLogEntryCounter
                0x20027df0        0x4 /tmp/cc6c6mI8.ltrans12.ltrans.o
 .bss.txi       0x20027df4        0x4 /tmp/cc6c6mI8.ltrans13.ltrans.o
 .bss.packet_pos
                0x20027df8        0x4 /tmp/cc6c6mI8.ltrans13.ltrans.o
 .bss.gfsk_bit  0x20027dfc        0x4 /tmp/cc6c6mI8.ltrans13.ltrans.o
 .bss.current_byte
                0x20027e00        0x1 /tmp/cc6c6mI8.ltrans13.ltrans.o
 *fill*         0x20027e01        0x3 
 .bss.current_sample_in_baud
                0x20027e04        0x4 /tmp/cc6c6mI8.ltrans13.ltrans.o
 .bss.fsk_radio
                0x20027e08        0x4 /tmp/cc6c6mI8.ltrans13.ltrans.o
 .bss.tim_radio
                0x20027e0c        0x4 /tmp/cc6c6mI8.ltrans13.ltrans.o
 .bss.tim_msg   0x20027e10        0x4 /tmp/cc6c6mI8.ltrans13.ltrans.o
 .bss.txj       0x20027e14        0x4 /tmp/cc6c6mI8.ltrans13.ltrans.o
 .bss.initialized
                0x20027e18        0x2 /tmp/cc6c6mI8.ltrans13.ltrans.o
                0x20027e18                initialized
 *fill*         0x20027e1a        0x2 
 .bss.fsk_msg   0x20027e1c        0x4 /tmp/cc6c6mI8.ltrans13.ltrans.o
 .bss.txs       0x20027e20        0x1 /tmp/cc6c6mI8.ltrans13.ltrans.o
 .bss.txc       0x20027e21        0x1 /tmp/cc6c6mI8.ltrans13.ltrans.o
 *fill*         0x20027e22        0x2 
 .bss.vt        0x20027e24       0x14 /tmp/cc6c6mI8.ltrans13.ltrans.o
 .bss.phase     0x20027e38        0x4 /tmp/cc6c6mI8.ltrans13.ltrans.o
 .bss.lastTrackPoint.lto_priv.139
                0x20027e3c        0x4 /tmp/cc6c6mI8.ltrans14.ltrans.o
                0x20027e3c                lastTrackPoint.lto_priv.139
 .bss.default_heap.lto_priv.125
                0x20027e40       0x20 /tmp/cc6c6mI8.ltrans15.ltrans.o
                0x20027e40                default_heap.lto_priv.125
 .bss.SD4       0x20027e60       0x7c /tmp/cc6c6mI8.ltrans15.ltrans.o
                0x20027e60                SD4
 .bss.ch        0x20027edc      0x888 /tmp/cc6c6mI8.ltrans15.ltrans.o
                0x20027edc                ch
 .bss.MMCD1     0x20028764       0x34 /tmp/cc6c6mI8.ltrans15.ltrans.o
                0x20028764                MMCD1
 .bss.RTCD1     0x20028798        0x4 /tmp/cc6c6mI8.ltrans15.ltrans.o
                0x20028798                RTCD1
 .bss.SPID2     0x2002879c       0x30 /tmp/cc6c6mI8.ltrans15.ltrans.o
                0x2002879c                SPID2
 .bss.I2CD2     0x200287cc       0x38 /tmp/cc6c6mI8.ltrans15.ltrans.o
                0x200287cc                I2CD2
 .bss.WDGD1     0x20028804        0xc /tmp/cc6c6mI8.ltrans15.ltrans.o
                0x20028804                WDGD1
 *(COMMON)
                0x20028810                . = ALIGN (0x4)
                0x20028810                _bss_end = .
                [!provide]                PROVIDE (end, .)

.ram0_init      0x20028810        0x0 load address 0x08017b48
                0x20028810                . = ALIGN (0x4)
                0x08017b48                __ram0_init_text__ = LOADADDR (.ram0_init)
                0x20028810                __ram0_init__ = .
 *(.ram0_init)
 *(.ram0_init.*)
                0x20028810                . = ALIGN (0x4)

.ram0           0x20028810        0x0 load address 0x08017b48
                0x20028810                . = ALIGN (0x4)
                0x20028810                __ram0_clear__ = .
 *(.ram0_clear)
 *(.ram0_clear.*)
                0x20028810                . = ALIGN (0x4)
                0x20028810                __ram0_noinit__ = .
 *(.ram0)
 *(.ram0.*)
                0x20028810                . = ALIGN (0x4)